[0.189s] DEBUG:colcon:Command line arguments: ['/usr/bin/colcon', 'build']
[0.189s] DEBUG:colcon:Parsed command line arguments: Namespace(log_base=None, log_level=None, verb_name='build', build_base='build', install_base='install', merge_install=False, symlink_install=False, test_result_base=None, continue_on_error=False, executor='parallel', parallel_workers=8, event_handlers=None, ignore_user_meta=False, metas=['./colcon.meta'], base_paths=['.'], packages_ignore=None, packages_ignore_regex=None, paths=None, packages_up_to=None, packages_up_to_regex=None, packages_above=None, packages_above_and_dependencies=None, packages_above_depth=None, packages_select_by_dep=None, packages_skip_by_dep=None, packages_skip_up_to=None, packages_select_build_failed=False, packages_skip_build_finished=False, packages_select_test_failures=False, packages_skip_test_passed=False, packages_select=None, packages_skip=None, packages_select_regex=None, packages_skip_regex=None, packages_start=None, packages_end=None, allow_overriding=[], cmake_args=None, cmake_target=None, cmake_target_skip_unavailable=False, cmake_clean_cache=False, cmake_clean_first=False, cmake_force_configure=False, ament_cmake_args=None, catkin_cmake_args=None, catkin_skip_building_tests=False, verb_parser=<colcon_defaults.argument_parser.defaults.DefaultArgumentsDecorator object at 0x7faf67781240>, verb_extension=<colcon_core.verb.build.BuildVerb object at 0x7faf6786ddb0>, main=<bound method BuildVerb.main of <colcon_core.verb.build.BuildVerb object at 0x7faf6786ddb0>>)
[0.406s] Level 1:colcon.colcon_core.package_discovery:discover_packages(colcon_meta) check parameters
[0.406s] Level 1:colcon.colcon_core.package_discovery:discover_packages(recursive) check parameters
[0.406s] Level 1:colcon.colcon_core.package_discovery:discover_packages(ignore) check parameters
[0.406s] Level 1:colcon.colcon_core.package_discovery:discover_packages(path) check parameters
[0.406s] Level 1:colcon.colcon_core.package_discovery:discover_packages(colcon_meta) discover
[0.406s] Level 1:colcon.colcon_core.package_discovery:discover_packages(recursive) discover
[0.406s] INFO:colcon.colcon_core.package_discovery:Crawling recursively for packages in '/home/uwr/cfar_cpp'
[0.407s] Level 1:colcon.colcon_core.package_identification:_identify(.) by extensions ['ignore', 'ignore_ament_install']
[0.407s] Level 1:colcon.colcon_core.package_identification:_identify(.) by extension 'ignore'
[0.407s] Level 1:colcon.colcon_core.package_identification:_identify(.) by extension 'ignore_ament_install'
[0.407s] Level 1:colcon.colcon_core.package_identification:_identify(.) by extensions ['colcon_pkg']
[0.407s] Level 1:colcon.colcon_core.package_identification:_identify(.) by extension 'colcon_pkg'
[0.407s] Level 1:colcon.colcon_core.package_identification:_identify(.) by extensions ['colcon_meta']
[0.407s] Level 1:colcon.colcon_core.package_identification:_identify(.) by extension 'colcon_meta'
[0.407s] Level 1:colcon.colcon_core.package_identification:_identify(.) by extensions ['ros']
[0.407s] Level 1:colcon.colcon_core.package_identification:_identify(.) by extension 'ros'
[0.424s] DEBUG:colcon.colcon_core.package_identification:Package '.' with type 'ros.ament_cmake' and name 'cfar_cpp'
[0.424s] Level 1:colcon.colcon_core.package_discovery:discover_packages(recursive) using defaults
[0.424s] Level 1:colcon.colcon_core.package_discovery:discover_packages(ignore) discover
[0.424s] Level 1:colcon.colcon_core.package_discovery:discover_packages(ignore) using defaults
[0.424s] Level 1:colcon.colcon_core.package_discovery:discover_packages(path) discover
[0.424s] Level 1:colcon.colcon_core.package_discovery:discover_packages(path) using defaults
[0.460s] Level 1:colcon.colcon_core.package_discovery:discover_packages(prefix_path) check parameters
[0.460s] Level 1:colcon.colcon_core.package_discovery:discover_packages(prefix_path) discover
[0.463s] DEBUG:colcon.colcon_installed_package_information.package_discovery:Found 2 installed packages in /home/uwr/fls_ws/install
[0.463s] DEBUG:colcon.colcon_installed_package_information.package_discovery:Found 7 installed packages in /home/uwr/Desktop/2024_UWR/install
[0.465s] DEBUG:colcon.colcon_installed_package_information.package_discovery:Found 285 installed packages in /opt/ros/humble
[0.466s] Level 1:colcon.colcon_core.package_discovery:discover_packages(prefix_path) using defaults
[0.514s] Level 5:colcon.colcon_core.verb:set package 'cfar_cpp' build argument 'cmake_args' from command line to 'None'
[0.514s] Level 5:colcon.colcon_core.verb:set package 'cfar_cpp' build argument 'cmake_target' from command line to 'None'
[0.514s] Level 5:colcon.colcon_core.verb:set package 'cfar_cpp' build argument 'cmake_target_skip_unavailable' from command line to 'False'
[0.514s] Level 5:colcon.colcon_core.verb:set package 'cfar_cpp' build argument 'cmake_clean_cache' from command line to 'False'
[0.514s] Level 5:colcon.colcon_core.verb:set package 'cfar_cpp' build argument 'cmake_clean_first' from command line to 'False'
[0.514s] Level 5:colcon.colcon_core.verb:set package 'cfar_cpp' build argument 'cmake_force_configure' from command line to 'False'
[0.514s] Level 5:colcon.colcon_core.verb:set package 'cfar_cpp' build argument 'ament_cmake_args' from command line to 'None'
[0.514s] Level 5:colcon.colcon_core.verb:set package 'cfar_cpp' build argument 'catkin_cmake_args' from command line to 'None'
[0.514s] Level 5:colcon.colcon_core.verb:set package 'cfar_cpp' build argument 'catkin_skip_building_tests' from command line to 'False'
[0.514s] DEBUG:colcon.colcon_core.verb:Building package 'cfar_cpp' with the following arguments: {'ament_cmake_args': None, 'build_base': '/home/uwr/cfar_cpp/build/cfar_cpp', 'catkin_cmake_args': None, 'catkin_skip_building_tests': False, 'cmake_args': None, 'cmake_clean_cache': False, 'cmake_clean_first': False, 'cmake_force_configure': False, 'cmake_target': None, 'cmake_target_skip_unavailable': False, 'install_base': '/home/uwr/cfar_cpp/install/cfar_cpp', 'merge_install': False, 'path': '/home/uwr/cfar_cpp', 'symlink_install': False, 'test_result_base': None}
[0.515s] INFO:colcon.colcon_core.executor:Executing jobs using 'parallel' executor
[0.516s] DEBUG:colcon.colcon_parallel_executor.executor.parallel:run_until_complete
[0.516s] INFO:colcon.colcon_ros.task.ament_cmake.build:Building ROS package in '/home/uwr/cfar_cpp' with build type 'ament_cmake'
[0.516s] INFO:colcon.colcon_cmake.task.cmake.build:Building CMake package in '/home/uwr/cfar_cpp'
[0.520s] INFO:colcon.colcon_core.plugin_system:Skipping extension 'colcon_core.shell.bat': Not used on non-Windows systems
[0.520s] INFO:colcon.colcon_core.shell:Skip shell extension 'powershell' for command environment: Not usable outside of PowerShell
[0.520s] DEBUG:colcon.colcon_core.shell:Skip shell extension 'dsv' for command environment
[0.528s] DEBUG:colcon.colcon_core.event_handler.log_command:Invoking command in '/home/uwr/cfar_cpp/build/cfar_cpp': CMAKE_PREFIX_PATH=${CMAKE_PREFIX_PATH}:/home/uwr/Desktop/2024_UWR/install/sonar_subs:/opt/ros/humble /usr/bin/cmake /home/uwr/cfar_cpp -DCMAKE_INSTALL_PREFIX=/home/uwr/cfar_cpp/install/cfar_cpp
[4.786s] DEBUG:colcon.colcon_core.event_handler.log_command:Invoked command in '/home/uwr/cfar_cpp/build/cfar_cpp' returned '0': CMAKE_PREFIX_PATH=${CMAKE_PREFIX_PATH}:/home/uwr/Desktop/2024_UWR/install/sonar_subs:/opt/ros/humble /usr/bin/cmake /home/uwr/cfar_cpp -DCMAKE_INSTALL_PREFIX=/home/uwr/cfar_cpp/install/cfar_cpp
[4.789s] DEBUG:colcon.colcon_core.event_handler.log_command:Invoking command in '/home/uwr/cfar_cpp/build/cfar_cpp': CMAKE_PREFIX_PATH=${CMAKE_PREFIX_PATH}:/home/uwr/Desktop/2024_UWR/install/sonar_subs:/opt/ros/humble /usr/bin/cmake --build /home/uwr/cfar_cpp/build/cfar_cpp -- -j8 -l8
[28.681s] DEBUG:colcon.colcon_core.event_handler.log_command:Invoked command in '/home/uwr/cfar_cpp/build/cfar_cpp' returned '0': CMAKE_PREFIX_PATH=${CMAKE_PREFIX_PATH}:/home/uwr/Desktop/2024_UWR/install/sonar_subs:/opt/ros/humble /usr/bin/cmake --build /home/uwr/cfar_cpp/build/cfar_cpp -- -j8 -l8
[28.766s] DEBUG:colcon.colcon_core.event_handler.log_command:Invoking command in '/home/uwr/cfar_cpp/build/cfar_cpp': CMAKE_PREFIX_PATH=${CMAKE_PREFIX_PATH}:/home/uwr/Desktop/2024_UWR/install/sonar_subs:/opt/ros/humble /usr/bin/cmake --install /home/uwr/cfar_cpp/build/cfar_cpp
[28.841s] Level 1:colcon.colcon_core.environment:create_environment_scripts_only(cfar_cpp)
[28.842s] DEBUG:colcon.colcon_core.event_handler.log_command:Invoked command in '/home/uwr/cfar_cpp/build/cfar_cpp' returned '0': CMAKE_PREFIX_PATH=${CMAKE_PREFIX_PATH}:/home/uwr/Desktop/2024_UWR/install/sonar_subs:/opt/ros/humble /usr/bin/cmake --install /home/uwr/cfar_cpp/build/cfar_cpp
[28.847s] Level 1:colcon.colcon_core.environment:checking '/home/uwr/cfar_cpp/install/cfar_cpp' for CMake module files
[28.848s] Level 1:colcon.colcon_core.environment:checking '/home/uwr/cfar_cpp/install/cfar_cpp' for CMake config files
[28.849s] Level 1:colcon.colcon_core.shell:create_environment_hook('cfar_cpp', 'cmake_prefix_path')
[28.849s] INFO:colcon.colcon_core.shell:Creating environment hook '/home/uwr/cfar_cpp/install/cfar_cpp/share/cfar_cpp/hook/cmake_prefix_path.ps1'
[28.850s] INFO:colcon.colcon_core.shell:Creating environment descriptor '/home/uwr/cfar_cpp/install/cfar_cpp/share/cfar_cpp/hook/cmake_prefix_path.dsv'
[28.851s] INFO:colcon.colcon_core.shell:Creating environment hook '/home/uwr/cfar_cpp/install/cfar_cpp/share/cfar_cpp/hook/cmake_prefix_path.sh'
[28.852s] Level 1:colcon.colcon_core.environment:checking '/home/uwr/cfar_cpp/install/cfar_cpp/lib'
[28.852s] Level 1:colcon.colcon_core.shell:create_environment_hook('cfar_cpp', 'ld_library_path_lib')
[28.852s] INFO:colcon.colcon_core.shell:Creating environment hook '/home/uwr/cfar_cpp/install/cfar_cpp/share/cfar_cpp/hook/ld_library_path_lib.ps1'
[28.852s] INFO:colcon.colcon_core.shell:Creating environment descriptor '/home/uwr/cfar_cpp/install/cfar_cpp/share/cfar_cpp/hook/ld_library_path_lib.dsv'
[28.853s] INFO:colcon.colcon_core.shell:Creating environment hook '/home/uwr/cfar_cpp/install/cfar_cpp/share/cfar_cpp/hook/ld_library_path_lib.sh'
[28.853s] Level 1:colcon.colcon_core.environment:checking '/home/uwr/cfar_cpp/install/cfar_cpp/bin'
[28.853s] Level 1:colcon.colcon_core.environment:checking '/home/uwr/cfar_cpp/install/cfar_cpp/lib/pkgconfig/cfar_cpp.pc'
[28.853s] Level 1:colcon.colcon_core.environment:checking '/home/uwr/cfar_cpp/install/cfar_cpp/lib/python3.10/site-packages'
[28.854s] Level 1:colcon.colcon_core.environment:checking '/home/uwr/cfar_cpp/install/cfar_cpp/bin'
[28.854s] INFO:colcon.colcon_core.shell:Creating package script '/home/uwr/cfar_cpp/install/cfar_cpp/share/cfar_cpp/package.ps1'
[28.855s] INFO:colcon.colcon_core.shell:Creating package descriptor '/home/uwr/cfar_cpp/install/cfar_cpp/share/cfar_cpp/package.dsv'
[28.855s] INFO:colcon.colcon_core.shell:Creating package script '/home/uwr/cfar_cpp/install/cfar_cpp/share/cfar_cpp/package.sh'
[28.856s] INFO:colcon.colcon_core.shell:Creating package script '/home/uwr/cfar_cpp/install/cfar_cpp/share/cfar_cpp/package.bash'
[28.857s] INFO:colcon.colcon_core.shell:Creating package script '/home/uwr/cfar_cpp/install/cfar_cpp/share/cfar_cpp/package.zsh'
[28.857s] Level 1:colcon.colcon_core.environment:create_file_with_runtime_dependencies(/home/uwr/cfar_cpp/install/cfar_cpp/share/colcon-core/packages/cfar_cpp)
[28.933s] Level 1:colcon.colcon_core.environment:create_environment_scripts_only(cfar_cpp)
[28.933s] Level 1:colcon.colcon_core.environment:checking '/home/uwr/cfar_cpp/install/cfar_cpp' for CMake module files
[28.934s] Level 1:colcon.colcon_core.environment:checking '/home/uwr/cfar_cpp/install/cfar_cpp' for CMake config files
[28.934s] Level 1:colcon.colcon_core.shell:create_environment_hook('cfar_cpp', 'cmake_prefix_path')
[28.934s] INFO:colcon.colcon_core.shell:Creating environment hook '/home/uwr/cfar_cpp/install/cfar_cpp/share/cfar_cpp/hook/cmake_prefix_path.ps1'
[28.935s] INFO:colcon.colcon_core.shell:Creating environment descriptor '/home/uwr/cfar_cpp/install/cfar_cpp/share/cfar_cpp/hook/cmake_prefix_path.dsv'
[28.935s] INFO:colcon.colcon_core.shell:Creating environment hook '/home/uwr/cfar_cpp/install/cfar_cpp/share/cfar_cpp/hook/cmake_prefix_path.sh'
[28.935s] Level 1:colcon.colcon_core.environment:checking '/home/uwr/cfar_cpp/install/cfar_cpp/lib'
[28.935s] Level 1:colcon.colcon_core.shell:create_environment_hook('cfar_cpp', 'ld_library_path_lib')
[28.936s] INFO:colcon.colcon_core.shell:Creating environment hook '/home/uwr/cfar_cpp/install/cfar_cpp/share/cfar_cpp/hook/ld_library_path_lib.ps1'
[28.936s] INFO:colcon.colcon_core.shell:Creating environment descriptor '/home/uwr/cfar_cpp/install/cfar_cpp/share/cfar_cpp/hook/ld_library_path_lib.dsv'
[28.936s] INFO:colcon.colcon_core.shell:Creating environment hook '/home/uwr/cfar_cpp/install/cfar_cpp/share/cfar_cpp/hook/ld_library_path_lib.sh'
[28.936s] Level 1:colcon.colcon_core.environment:checking '/home/uwr/cfar_cpp/install/cfar_cpp/bin'
[28.936s] Level 1:colcon.colcon_core.environment:checking '/home/uwr/cfar_cpp/install/cfar_cpp/lib/pkgconfig/cfar_cpp.pc'
[28.937s] Level 1:colcon.colcon_core.environment:checking '/home/uwr/cfar_cpp/install/cfar_cpp/lib/python3.10/site-packages'
[28.937s] Level 1:colcon.colcon_core.environment:checking '/home/uwr/cfar_cpp/install/cfar_cpp/bin'
[28.937s] INFO:colcon.colcon_core.shell:Creating package script '/home/uwr/cfar_cpp/install/cfar_cpp/share/cfar_cpp/package.ps1'
[28.938s] INFO:colcon.colcon_core.shell:Creating package descriptor '/home/uwr/cfar_cpp/install/cfar_cpp/share/cfar_cpp/package.dsv'
[28.938s] INFO:colcon.colcon_core.shell:Creating package script '/home/uwr/cfar_cpp/install/cfar_cpp/share/cfar_cpp/package.sh'
[28.939s] INFO:colcon.colcon_core.shell:Creating package script '/home/uwr/cfar_cpp/install/cfar_cpp/share/cfar_cpp/package.bash'
[28.939s] INFO:colcon.colcon_core.shell:Creating package script '/home/uwr/cfar_cpp/install/cfar_cpp/share/cfar_cpp/package.zsh'
[28.939s] Level 1:colcon.colcon_core.environment:create_file_with_runtime_dependencies(/home/uwr/cfar_cpp/install/cfar_cpp/share/colcon-core/packages/cfar_cpp)
[28.940s] DEBUG:colcon.colcon_parallel_executor.executor.parallel:closing loop
[28.941s] DEBUG:colcon.colcon_parallel_executor.executor.parallel:loop closed
[28.941s] DEBUG:colcon.colcon_parallel_executor.executor.parallel:run_until_complete finished with '0'
[28.941s] DEBUG:colcon.colcon_core.event_reactor:joining thread
[28.948s] INFO:colcon.colcon_core.plugin_system:Skipping extension 'colcon_notification.desktop_notification.terminal_notifier': Not used on non-Darwin systems
[28.948s] INFO:colcon.colcon_core.plugin_system:Skipping extension 'colcon_notification.desktop_notification.win32': Not used on non-Windows systems
[28.948s] INFO:colcon.colcon_notification.desktop_notification:Sending desktop notification using 'notify2'
[28.980s] DEBUG:colcon.colcon_core.event_reactor:joined thread
[28.981s] INFO:colcon.colcon_core.shell:Creating prefix script '/home/uwr/cfar_cpp/install/local_setup.ps1'
[28.982s] INFO:colcon.colcon_core.shell:Creating prefix util module '/home/uwr/cfar_cpp/install/_local_setup_util_ps1.py'
[28.984s] INFO:colcon.colcon_core.shell:Creating prefix chain script '/home/uwr/cfar_cpp/install/setup.ps1'
[28.986s] INFO:colcon.colcon_core.shell:Creating prefix script '/home/uwr/cfar_cpp/install/local_setup.sh'
[28.986s] INFO:colcon.colcon_core.shell:Creating prefix util module '/home/uwr/cfar_cpp/install/_local_setup_util_sh.py'
[28.987s] INFO:colcon.colcon_core.shell:Creating prefix chain script '/home/uwr/cfar_cpp/install/setup.sh'
[28.989s] INFO:colcon.colcon_core.shell:Creating prefix script '/home/uwr/cfar_cpp/install/local_setup.bash'
[28.990s] INFO:colcon.colcon_core.shell:Creating prefix chain script '/home/uwr/cfar_cpp/install/setup.bash'
[28.991s] INFO:colcon.colcon_core.shell:Creating prefix script '/home/uwr/cfar_cpp/install/local_setup.zsh'
[28.992s] INFO:colcon.colcon_core.shell:Creating prefix chain script '/home/uwr/cfar_cpp/install/setup.zsh'
