Determining if the function sgemm_ exists failed with the following output:
Change Dir: /home/uwr/cfar_cpp/build/cfar_cpp/CMakeFiles/CMakeTmp

Run Build Command(s):/usr/bin/gmake -f Makefile cmTC_3dd72/fast && /usr/bin/gmake  -f CMakeFiles/cmTC_3dd72.dir/build.make CMakeFiles/cmTC_3dd72.dir/build
gmake[1]: Entering directory '/home/uwr/cfar_cpp/build/cfar_cpp/CMakeFiles/CMakeTmp'
Building C object CMakeFiles/cmTC_3dd72.dir/CheckFunctionExists.c.o
/usr/bin/cc   -DCHECK_FUNCTION_EXISTS=sgemm_ -o CMakeFiles/cmTC_3dd72.dir/CheckFunctionExists.c.o -c /usr/share/cmake-3.22/Modules/CheckFunctionExists.c
Linking C executable cmTC_3dd72
/usr/bin/cmake -E cmake_link_script CMakeFiles/cmTC_3dd72.dir/link.txt --verbose=1
/usr/bin/cc  -DCHECK_FUNCTION_EXISTS=sgemm_ CMakeFiles/cmTC_3dd72.dir/CheckFunctionExists.c.o -o cmTC_3dd72 
/usr/bin/ld: CMakeFiles/cmTC_3dd72.dir/CheckFunctionExists.c.o: in function `main':
CheckFunctionExists.c:(.text+0x14): undefined reference to `sgemm_'
collect2: error: ld returned 1 exit status
gmake[1]: *** [CMakeFiles/cmTC_3dd72.dir/build.make:99: cmTC_3dd72] Error 1
gmake[1]: Leaving directory '/home/uwr/cfar_cpp/build/cfar_cpp/CMakeFiles/CMakeTmp'
gmake: *** [Makefile:127: cmTC_3dd72/fast] Error 2



Determining if the function cheev_ exists failed with the following output:
Change Dir: /home/uwr/cfar_cpp/build/cfar_cpp/CMakeFiles/CMakeTmp

Run Build Command(s):/usr/bin/gmake -f Makefile cmTC_f811f/fast && /usr/bin/gmake  -f CMakeFiles/cmTC_f811f.dir/build.make CMakeFiles/cmTC_f811f.dir/build
gmake[1]: Entering directory '/home/uwr/cfar_cpp/build/cfar_cpp/CMakeFiles/CMakeTmp'
Building C object CMakeFiles/cmTC_f811f.dir/CheckFunctionExists.c.o
/usr/bin/cc   -DCHECK_FUNCTION_EXISTS=cheev_ -o CMakeFiles/cmTC_f811f.dir/CheckFunctionExists.c.o -c /usr/share/cmake-3.22/Modules/CheckFunctionExists.c
Linking C executable cmTC_f811f
/usr/bin/cmake -E cmake_link_script CMakeFiles/cmTC_f811f.dir/link.txt --verbose=1
/usr/bin/cc  -DCHECK_FUNCTION_EXISTS=cheev_ CMakeFiles/cmTC_f811f.dir/CheckFunctionExists.c.o -o cmTC_f811f  /usr/lib/x86_64-linux-gnu/libblas.so -lm -ldl 
/usr/bin/ld: CMakeFiles/cmTC_f811f.dir/CheckFunctionExists.c.o: in function `main':
CheckFunctionExists.c:(.text+0x14): undefined reference to `cheev_'
collect2: error: ld returned 1 exit status
gmake[1]: *** [CMakeFiles/cmTC_f811f.dir/build.make:100: cmTC_f811f] Error 1
gmake[1]: Leaving directory '/home/uwr/cfar_cpp/build/cfar_cpp/CMakeFiles/CMakeTmp'
gmake: *** [Makefile:127: cmTC_f811f/fast] Error 2



Determining if the function cheev_ exists failed with the following output:
Change Dir: /home/uwr/cfar_cpp/build/cfar_cpp/CMakeFiles/CMakeTmp

Run Build Command(s):/usr/bin/gmake -f Makefile cmTC_db619/fast && /usr/bin/gmake  -f CMakeFiles/cmTC_db619.dir/build.make CMakeFiles/cmTC_db619.dir/build
gmake[1]: Entering directory '/home/uwr/cfar_cpp/build/cfar_cpp/CMakeFiles/CMakeTmp'
Building C object CMakeFiles/cmTC_db619.dir/CheckFunctionExists.c.o
/usr/bin/cc   -DCHECK_FUNCTION_EXISTS=cheev_ -o CMakeFiles/cmTC_db619.dir/CheckFunctionExists.c.o -c /usr/share/cmake-3.22/Modules/CheckFunctionExists.c
Linking C executable cmTC_db619
/usr/bin/cmake -E cmake_link_script CMakeFiles/cmTC_db619.dir/link.txt --verbose=1
/usr/bin/cc  -DCHECK_FUNCTION_EXISTS=cheev_ CMakeFiles/cmTC_db619.dir/CheckFunctionExists.c.o -o cmTC_db619  /usr/lib/x86_64-linux-gnu/liblapack.so /usr/lib/x86_64-linux-gnu/libblas.so -fortranlibs 
cc: error: unrecognized command-line option ‘-fortranlibs’
gmake[1]: *** [CMakeFiles/cmTC_db619.dir/build.make:101: cmTC_db619] Error 1
gmake[1]: Leaving directory '/home/uwr/cfar_cpp/build/cfar_cpp/CMakeFiles/CMakeTmp'
gmake: *** [Makefile:127: cmTC_db619/fast] Error 2



