-- The C compiler identification is GNU 11.4.0
-- The CXX compiler identification is GNU 11.4.0
-- Detecting C compiler ABI info
-- Detecting C compiler ABI info - done
-- Check for working C compiler: /usr/bin/cc - skipped
-- Detecting C compile features
-- Detecting C compile features - done
-- Detecting CXX compiler ABI info
-- Detecting CXX compiler ABI info - done
-- Check for working CXX compiler: /usr/bin/c++ - skipped
-- Detecting CXX compile features
-- Detecting CXX compile features - done
-- Found ament_cmake: 1.3.10 (/opt/ros/humble/share/ament_cmake/cmake)
-- Found Python3: /usr/bin/python3 (found version "3.10.12") found components: Interpreter 
-- Found OpenCV: /usr (found version "4.5.4") 
-- Found rclcpp: 16.0.10 (/opt/ros/humble/share/rclcpp/cmake)
-- Found rosidl_generator_c: 3.1.5 (/opt/ros/humble/share/rosidl_generator_c/cmake)
-- Found rosidl_adapter: 3.1.5 (/opt/ros/humble/share/rosidl_adapter/cmake)
-- Found rosidl_generator_cpp: 3.1.5 (/opt/ros/humble/share/rosidl_generator_cpp/cmake)
-- Using all available rosidl_typesupport_c: rosidl_typesupport_fastrtps_c;rosidl_typesupport_introspection_c
-- Using all available rosidl_typesupport_cpp: rosidl_typesupport_fastrtps_cpp;rosidl_typesupport_introspection_cpp
-- Found rmw_implementation_cmake: 6.1.2 (/opt/ros/humble/share/rmw_implementation_cmake/cmake)
-- Found rmw_fastrtps_cpp: 6.2.7 (/opt/ros/humble/share/rmw_fastrtps_cpp/cmake)
-- Found OpenSSL: /usr/lib/x86_64-linux-gnu/libcrypto.so (found version "3.0.2")  
-- Found FastRTPS: /opt/ros/humble/include  
-- Using RMW implementation 'rmw_fastrtps_cpp' as default
-- Looking for pthread.h
-- Looking for pthread.h - found
-- Performing Test CMAKE_HAVE_LIBC_PTHREAD
-- Performing Test CMAKE_HAVE_LIBC_PTHREAD - Success
-- Found Threads: TRUE  
-- Found sensor_msgs: 4.2.4 (/opt/ros/humble/share/sensor_msgs/cmake)
-- Found cv_bridge: 3.2.1 (/opt/ros/humble/share/cv_bridge/cmake)
-- Found image_transport: 3.1.9 (/opt/ros/humble/share/image_transport/cmake)
-- Found rosidl_default_generators: 1.2.0 (/opt/ros/humble/share/rosidl_default_generators/cmake)
-- Found Armadillo: /usr/include (found version "10.8.2") 
-- Found Boost: /usr/lib/x86_64-linux-gnu/cmake/Boost-1.74.0/BoostConfig.cmake (found version "1.74.0")  
-- Looking for sgemm_
-- Looking for sgemm_ - not found
-- Looking for sgemm_
-- Looking for sgemm_ - found
-- Found BLAS: /usr/lib/x86_64-linux-gnu/libblas.so  
-- Looking for cheev_
-- Looking for cheev_ - not found
-- Looking for cheev_
-- Looking for cheev_ - not found
-- Looking for cheev_
-- Looking for cheev_ - found
-- Found LAPACK: /usr/lib/x86_64-linux-gnu/liblapack.so;/usr/lib/x86_64-linux-gnu/libblas.so  
-- Found Python: /usr/bin/python3.10 (found suitable version "3.10.12", minimum required is "3.10") found components: Interpreter Development Development.Module Development.Embed 
-- Performing Test HAS_FLTO
-- Performing Test HAS_FLTO - Success
-- Found pybind11: /home/uwr/.local/include (found version "2.13.6")
-- Found ament_cmake_ros: 0.10.0 (/opt/ros/humble/share/ament_cmake_ros/cmake)
-- Using all available rosidl_typesupport_c: rosidl_typesupport_fastrtps_c;rosidl_typesupport_introspection_c
-- Using all available rosidl_typesupport_cpp: rosidl_typesupport_fastrtps_cpp;rosidl_typesupport_introspection_cpp
-- Found PythonInterp: /usr/bin/python3 (found suitable version "3.10.12", minimum required is "3.6") 
-- Found python_cmake_module: 0.10.0 (/opt/ros/humble/share/python_cmake_module/cmake)
-- Found PythonLibs: /usr/lib/x86_64-linux-gnu/libpython3.10.so (found suitable version "3.10.12", minimum required is "3.5") 
-- Using PYTHON_EXECUTABLE: /usr/bin/python3
-- Using PYTHON_INCLUDE_DIRS: /usr/include/python3.10
-- Using PYTHON_LIBRARIES: /usr/lib/x86_64-linux-gnu/libpython3.10.so
-- Found PythonExtra: .so  
-- Found ament_lint_auto: 0.12.11 (/opt/ros/humble/share/ament_lint_auto/cmake)
-- Added test 'cppcheck' to perform static code analysis on C / C++ code
-- Configured cppcheck include dirs: /home/uwr/cfar_cpp/include;$<BUILD_INTERFACE:/home/uwr/cfar_cpp/build/cfar_cpp/rosidl_generator_c>;$<BUILD_INTERFACE:/home/uwr/cfar_cpp/build/cfar_cpp/rosidl_typesupport_fastrtps_c>;$<BUILD_INTERFACE:/home/uwr/cfar_cpp/build/cfar_cpp/rosidl_generator_cpp>;$<BUILD_INTERFACE:/home/uwr/cfar_cpp/build/cfar_cpp/rosidl_typesupport_fastrtps_cpp>;$<BUILD_INTERFACE:/home/uwr/cfar_cpp/build/cfar_cpp/rosidl_typesupport_introspection_c>;$<BUILD_INTERFACE:/home/uwr/cfar_cpp/build/cfar_cpp/rosidl_typesupport_introspection_cpp>;/home/uwr/cfar_cpp/build/cfar_cpp/rosidl_generator_c;/home/uwr/cfar_cpp/build/cfar_cpp/rosidl_generator_py;/home/uwr/cfar_cpp/src
-- Configured cppcheck exclude dirs and/or files: 
-- Added test 'flake8' to check Python code syntax and style conventions
-- Added test 'lint_cmake' to check CMake code style
-- Added test 'pep257' to check Python code against some of the docstring style conventions in PEP 257
-- Added test 'uncrustify' to check C / C++ code style
-- Configured uncrustify additional arguments: 
-- Added test 'xmllint' to check XML markup files
-- Configuring done
-- Generating done
-- Build files have been written to: /home/uwr/cfar_cpp/build/cfar_cpp
[  2%] [34m[1mGenerating C code for ROS interfaces[0m
[  4%] [32mBuilding CXX object CMakeFiles/cfar_lib.dir/src/cfar.cpp.o[0m
[  7%] [32mBuilding CXX object CMakeFiles/pycfar.dir/src/utils/ndarray_converter.cpp.o[0m
[  9%] [32mBuilding CXX object CMakeFiles/pycfar.dir/src/cfar.cpp.o[0m
[ 11%] [32mBuilding CXX object CMakeFiles/pycfar.dir/src/cfar_bindings.cpp.o[0m
[ 14%] [34m[1mGenerating C++ code for ROS interfaces[0m
[ 14%] Built target ament_cmake_python_copy_cfar_cpp
running egg_info
creating cfar_cpp.egg-info
writing cfar_cpp.egg-info/PKG-INFO
writing dependency_links to cfar_cpp.egg-info/dependency_links.txt
writing top-level names to cfar_cpp.egg-info/top_level.txt
writing manifest file 'cfar_cpp.egg-info/SOURCES.txt'
reading manifest file 'cfar_cpp.egg-info/SOURCES.txt'
writing manifest file 'cfar_cpp.egg-info/SOURCES.txt'
[ 14%] Built target ament_cmake_python_build_cfar_cpp_egg
[ 14%] Built target cfar_cpp__cpp
[ 16%] [34m[1mGenerating C++ type support for eProsima Fast-RTPS[0m
[ 19%] [34m[1mGenerating C++ type support dispatch for ROS interfaces[0m
[ 21%] [34m[1mGenerating C++ introspection for ROS interfaces[0m
[ 23%] [32mBuilding C object CMakeFiles/cfar_cpp__rosidl_generator_c.dir/rosidl_generator_c/cfar_cpp/msg/detail/cfar_info__functions.c.o[0m
[ 26%] [32m[1mLinking C shared library lib/libcfar_cpp__rosidl_generator_c.so[0m
[ 26%] Built target cfar_cpp__rosidl_generator_c
[ 28%] [34m[1mGenerating C type support for eProsima Fast-RTPS[0m
[ 30%] [32mBuilding CXX object CMakeFiles/cfar_cpp__rosidl_typesupport_cpp.dir/rosidl_typesupport_cpp/cfar_cpp/msg/cfar_info__type_support.cpp.o[0m
[ 33%] [32mBuilding CXX object CMakeFiles/cfar_cpp__rosidl_typesupport_introspection_cpp.dir/rosidl_typesupport_introspection_cpp/cfar_cpp/msg/detail/cfar_info__type_support.cpp.o[0m
[ 35%] [32mBuilding CXX object CMakeFiles/cfar_cpp__rosidl_typesupport_fastrtps_cpp.dir/rosidl_typesupport_fastrtps_cpp/cfar_cpp/msg/detail/dds_fastrtps/cfar_info__type_support.cpp.o[0m
[ 38%] [32mBuilding CXX object CMakeFiles/cfar_cpp__rosidl_typesupport_fastrtps_c.dir/rosidl_typesupport_fastrtps_c/cfar_cpp/msg/detail/cfar_info__type_support_c.cpp.o[0m
[ 40%] [32m[1mLinking CXX shared library lib/libcfar_cpp__rosidl_typesupport_cpp.so[0m
[ 40%] Built target cfar_cpp__rosidl_typesupport_cpp
[ 42%] [34m[1mGenerating C introspection for ROS interfaces[0m
[ 45%] [32m[1mLinking CXX shared library lib/libcfar_cpp__rosidl_typesupport_introspection_cpp.so[0m
[ 47%] [32m[1mLinking CXX shared library lib/libcfar_cpp__rosidl_typesupport_fastrtps_cpp.so[0m
[ 47%] Built target cfar_cpp__rosidl_typesupport_introspection_cpp
[ 50%] [34m[1mGenerating C type support dispatch for ROS interfaces[0m
[ 52%] [32m[1mLinking CXX shared library lib/libcfar_cpp__rosidl_typesupport_fastrtps_c.so[0m
[ 52%] Built target cfar_cpp__rosidl_typesupport_fastrtps_cpp
[ 52%] Built target cfar_cpp__rosidl_typesupport_fastrtps_c
[ 54%] [32mBuilding C object CMakeFiles/cfar_cpp__rosidl_typesupport_introspection_c.dir/rosidl_typesupport_introspection_c/cfar_cpp/msg/detail/cfar_info__type_support.c.o[0m
[ 57%] [32m[1mLinking C shared library lib/libcfar_cpp__rosidl_typesupport_introspection_c.so[0m
[ 57%] Built target cfar_cpp__rosidl_typesupport_introspection_c
In file included from [01m[K/home/uwr/cfar_cpp/src/utils/ndarray_converter.cpp:4[m[K:
[01m[K/home/uwr/cfar_cpp/src/utils/ndarray_converter.h:[m[K In static member function ‘[01m[Kstatic pybind11::handle pybind11::detail::type_caster<cv::Mat>::cast(const cv::Mat&, pybind11::return_value_policy, pybind11::handle)[m[K’:
[01m[K/home/uwr/cfar_cpp/src/utils/ndarray_converter.h:34:70:[m[K [01;35m[Kwarning: [m[Kunused parameter ‘[01m[Kdefval[m[K’ [[01;35m[K]8;;https://gcc.gnu.org/onlinedocs/gcc/Warning-Options.html#index-Wunused-parameter-Wunused-parameter]8;;[m[K]
   34 |     static handle cast(const cv::Mat &m, return_value_policy, [01;35m[Khandle defval[m[K) {
      |                                                               [01;35m[K~~~~~~~^~~~~~[m[K
[ 59%] [32mBuilding CXX object CMakeFiles/cfar_cpp__rosidl_typesupport_c.dir/rosidl_typesupport_c/cfar_cpp/msg/cfar_info__type_support.cpp.o[0m
[ 61%] [32m[1mLinking CXX shared library lib/libcfar_cpp__rosidl_typesupport_c.so[0m
[ 61%] Built target cfar_cpp__rosidl_typesupport_c
[ 61%] Built target cfar_cpp
[ 64%] [34m[1mGenerating Python code for ROS interfaces[0m
[ 64%] Built target cfar_cpp__py
[ 66%] [32mBuilding C object CMakeFiles/cfar_cpp__rosidl_generator_py.dir/rosidl_generator_py/cfar_cpp/msg/_cfar_info_s.c.o[0m
[ 69%] [32m[1mLinking C shared library rosidl_generator_py/cfar_cpp/libcfar_cpp__rosidl_generator_py.so[0m
[ 69%] Built target cfar_cpp__rosidl_generator_py
[ 71%] [32mBuilding C object CMakeFiles/cfar_cpp__rosidl_typesupport_introspection_c__pyext.dir/rosidl_generator_py/cfar_cpp/_cfar_cpp_s.ep.rosidl_typesupport_introspection_c.c.o[0m
[ 73%] [32mBuilding C object CMakeFiles/cfar_cpp__rosidl_typesupport_c__pyext.dir/rosidl_generator_py/cfar_cpp/_cfar_cpp_s.ep.rosidl_typesupport_c.c.o[0m
[ 76%] [32mBuilding C object CMakeFiles/cfar_cpp__rosidl_typesupport_fastrtps_c__pyext.dir/rosidl_generator_py/cfar_cpp/_cfar_cpp_s.ep.rosidl_typesupport_fastrtps_c.c.o[0m
[ 78%] [32m[1mLinking C shared library rosidl_generator_py/cfar_cpp/cfar_cpp_s__rosidl_typesupport_introspection_c.cpython-310-x86_64-linux-gnu.so[0m
[ 78%] Built target cfar_cpp__rosidl_typesupport_introspection_c__pyext
[ 80%] [32m[1mLinking C shared library rosidl_generator_py/cfar_cpp/cfar_cpp_s__rosidl_typesupport_fastrtps_c.cpython-310-x86_64-linux-gnu.so[0m
[ 83%] [32m[1mLinking C shared library rosidl_generator_py/cfar_cpp/cfar_cpp_s__rosidl_typesupport_c.cpython-310-x86_64-linux-gnu.so[0m
[ 83%] Built target cfar_cpp__rosidl_typesupport_fastrtps_c__pyext
[ 83%] Built target cfar_cpp__rosidl_typesupport_c__pyext
In file included from [01m[K/home/uwr/cfar_cpp/src/cfar_bindings.cpp:6[m[K:
[01m[K/home/uwr/cfar_cpp/src/utils/ndarray_converter.h:[m[K In static member function ‘[01m[Kstatic pybind11::handle pybind11::detail::type_caster<cv::Mat>::cast(const cv::Mat&, pybind11::return_value_policy, pybind11::handle)[m[K’:
[01m[K/home/uwr/cfar_cpp/src/utils/ndarray_converter.h:34:70:[m[K [01;35m[Kwarning: [m[Kunused parameter ‘[01m[Kdefval[m[K’ [[01;35m[K]8;;https://gcc.gnu.org/onlinedocs/gcc/Warning-Options.html#index-Wunused-parameter-Wunused-parameter]8;;[m[K]
   34 |     static handle cast(const cv::Mat &m, return_value_policy, [01;35m[Khandle defval[m[K) {
      |                                                               [01;35m[K~~~~~~~^~~~~~[m[K
[ 85%] [32m[1mLinking CXX shared library lib/libcfar_lib.so[0m
[ 85%] Built target cfar_lib
[ 92%] [32mBuilding CXX object CMakeFiles/cfar_node.dir/src/cfar.cpp.o[0m
[ 92%] [32mBuilding CXX object CMakeFiles/cfar_node.dir/src/cfar_node.cpp.o[0m
[ 92%] [32mBuilding CXX object CMakeFiles/cfar.dir/src/main.cpp.o[0m
[ 95%] [32m[1mLinking CXX shared module lib/pycfar.cpython-310-x86_64-linux-gnu.so[0m
[ 95%] Built target pycfar
[ 97%] [32m[1mLinking CXX executable bin/cfar[0m
[ 97%] Built target cfar
[100%] [32m[1mLinking CXX executable bin/cfar_node[0m
[100%] Built target cfar_node
-- Install configuration: ""
-- Installing: /home/uwr/cfar_cpp/install/cfar_cpp/share/ament_index/resource_index/rosidl_interfaces/cfar_cpp
-- Installing: /home/uwr/cfar_cpp/install/cfar_cpp/include/cfar_cpp/cfar_cpp
-- Installing: /home/uwr/cfar_cpp/install/cfar_cpp/include/cfar_cpp/cfar_cpp/msg
-- Installing: /home/uwr/cfar_cpp/install/cfar_cpp/include/cfar_cpp/cfar_cpp/msg/rosidl_generator_c__visibility_control.h
-- Installing: /home/uwr/cfar_cpp/install/cfar_cpp/include/cfar_cpp/cfar_cpp/msg/detail
-- Installing: /home/uwr/cfar_cpp/install/cfar_cpp/include/cfar_cpp/cfar_cpp/msg/detail/cfar_info__type_support.h
-- Installing: /home/uwr/cfar_cpp/install/cfar_cpp/include/cfar_cpp/cfar_cpp/msg/detail/cfar_info__functions.h
-- Installing: /home/uwr/cfar_cpp/install/cfar_cpp/include/cfar_cpp/cfar_cpp/msg/detail/cfar_info__functions.c
-- Installing: /home/uwr/cfar_cpp/install/cfar_cpp/include/cfar_cpp/cfar_cpp/msg/detail/cfar_info__struct.h
-- Installing: /home/uwr/cfar_cpp/install/cfar_cpp/include/cfar_cpp/cfar_cpp/msg/cfar_info.h
-- Installing: /home/uwr/cfar_cpp/install/cfar_cpp/share/cfar_cpp/environment/library_path.sh
-- Installing: /home/uwr/cfar_cpp/install/cfar_cpp/share/cfar_cpp/environment/library_path.dsv
-- Installing: /home/uwr/cfar_cpp/install/cfar_cpp/lib/libcfar_cpp__rosidl_generator_c.so
-- Set runtime path of "/home/uwr/cfar_cpp/install/cfar_cpp/lib/libcfar_cpp__rosidl_generator_c.so" to "/home/uwr/cfar_cpp/install/cfar_cpp/lib:/opt/ros/humble/lib"
-- Up-to-date: /home/uwr/cfar_cpp/install/cfar_cpp/include/cfar_cpp/cfar_cpp
-- Up-to-date: /home/uwr/cfar_cpp/install/cfar_cpp/include/cfar_cpp/cfar_cpp/msg
-- Up-to-date: /home/uwr/cfar_cpp/install/cfar_cpp/include/cfar_cpp/cfar_cpp/msg/detail
-- Installing: /home/uwr/cfar_cpp/install/cfar_cpp/include/cfar_cpp/cfar_cpp/msg/detail/cfar_info__rosidl_typesupport_fastrtps_c.h
-- Installing: /home/uwr/cfar_cpp/install/cfar_cpp/include/cfar_cpp/cfar_cpp/msg/rosidl_typesupport_fastrtps_c__visibility_control.h
-- Installing: /home/uwr/cfar_cpp/install/cfar_cpp/lib/libcfar_cpp__rosidl_typesupport_fastrtps_c.so
-- Set runtime path of "/home/uwr/cfar_cpp/install/cfar_cpp/lib/libcfar_cpp__rosidl_typesupport_fastrtps_c.so" to "/home/uwr/cfar_cpp/install/cfar_cpp/lib:/opt/ros/humble/lib"
-- Up-to-date: /home/uwr/cfar_cpp/install/cfar_cpp/include/cfar_cpp/cfar_cpp
-- Up-to-date: /home/uwr/cfar_cpp/install/cfar_cpp/include/cfar_cpp/cfar_cpp/msg
-- Installing: /home/uwr/cfar_cpp/install/cfar_cpp/include/cfar_cpp/cfar_cpp/msg/cfar_info.hpp
-- Up-to-date: /home/uwr/cfar_cpp/install/cfar_cpp/include/cfar_cpp/cfar_cpp/msg/detail
-- Installing: /home/uwr/cfar_cpp/install/cfar_cpp/include/cfar_cpp/cfar_cpp/msg/detail/cfar_info__struct.hpp
-- Installing: /home/uwr/cfar_cpp/install/cfar_cpp/include/cfar_cpp/cfar_cpp/msg/detail/cfar_info__builder.hpp
-- Installing: /home/uwr/cfar_cpp/install/cfar_cpp/include/cfar_cpp/cfar_cpp/msg/detail/cfar_info__traits.hpp
-- Up-to-date: /home/uwr/cfar_cpp/install/cfar_cpp/include/cfar_cpp/cfar_cpp
-- Up-to-date: /home/uwr/cfar_cpp/install/cfar_cpp/include/cfar_cpp/cfar_cpp/msg
-- Up-to-date: /home/uwr/cfar_cpp/install/cfar_cpp/include/cfar_cpp/cfar_cpp/msg/detail
-- Installing: /home/uwr/cfar_cpp/install/cfar_cpp/include/cfar_cpp/cfar_cpp/msg/detail/cfar_info__rosidl_typesupport_fastrtps_cpp.hpp
-- Installing: /home/uwr/cfar_cpp/install/cfar_cpp/include/cfar_cpp/cfar_cpp/msg/detail/dds_fastrtps
-- Installing: /home/uwr/cfar_cpp/install/cfar_cpp/include/cfar_cpp/cfar_cpp/msg/rosidl_typesupport_fastrtps_cpp__visibility_control.h
-- Installing: /home/uwr/cfar_cpp/install/cfar_cpp/lib/libcfar_cpp__rosidl_typesupport_fastrtps_cpp.so
-- Set runtime path of "/home/uwr/cfar_cpp/install/cfar_cpp/lib/libcfar_cpp__rosidl_typesupport_fastrtps_cpp.so" to "/home/uwr/cfar_cpp/install/cfar_cpp/lib:/opt/ros/humble/lib"
-- Up-to-date: /home/uwr/cfar_cpp/install/cfar_cpp/include/cfar_cpp/cfar_cpp
-- Up-to-date: /home/uwr/cfar_cpp/install/cfar_cpp/include/cfar_cpp/cfar_cpp/msg
-- Installing: /home/uwr/cfar_cpp/install/cfar_cpp/include/cfar_cpp/cfar_cpp/msg/rosidl_typesupport_introspection_c__visibility_control.h
-- Up-to-date: /home/uwr/cfar_cpp/install/cfar_cpp/include/cfar_cpp/cfar_cpp/msg/detail
-- Installing: /home/uwr/cfar_cpp/install/cfar_cpp/include/cfar_cpp/cfar_cpp/msg/detail/cfar_info__rosidl_typesupport_introspection_c.h
-- Installing: /home/uwr/cfar_cpp/install/cfar_cpp/include/cfar_cpp/cfar_cpp/msg/detail/cfar_info__type_support.c
-- Installing: /home/uwr/cfar_cpp/install/cfar_cpp/lib/libcfar_cpp__rosidl_typesupport_introspection_c.so
-- Set runtime path of "/home/uwr/cfar_cpp/install/cfar_cpp/lib/libcfar_cpp__rosidl_typesupport_introspection_c.so" to "/home/uwr/cfar_cpp/install/cfar_cpp/lib:/opt/ros/humble/lib"
-- Installing: /home/uwr/cfar_cpp/install/cfar_cpp/lib/libcfar_cpp__rosidl_typesupport_c.so
-- Set runtime path of "/home/uwr/cfar_cpp/install/cfar_cpp/lib/libcfar_cpp__rosidl_typesupport_c.so" to "/home/uwr/cfar_cpp/install/cfar_cpp/lib:/opt/ros/humble/lib"
-- Up-to-date: /home/uwr/cfar_cpp/install/cfar_cpp/include/cfar_cpp/cfar_cpp
-- Up-to-date: /home/uwr/cfar_cpp/install/cfar_cpp/include/cfar_cpp/cfar_cpp/msg
-- Up-to-date: /home/uwr/cfar_cpp/install/cfar_cpp/include/cfar_cpp/cfar_cpp/msg/detail
-- Installing: /home/uwr/cfar_cpp/install/cfar_cpp/include/cfar_cpp/cfar_cpp/msg/detail/cfar_info__type_support.cpp
-- Installing: /home/uwr/cfar_cpp/install/cfar_cpp/include/cfar_cpp/cfar_cpp/msg/detail/cfar_info__rosidl_typesupport_introspection_cpp.hpp
-- Installing: /home/uwr/cfar_cpp/install/cfar_cpp/lib/libcfar_cpp__rosidl_typesupport_introspection_cpp.so
-- Set runtime path of "/home/uwr/cfar_cpp/install/cfar_cpp/lib/libcfar_cpp__rosidl_typesupport_introspection_cpp.so" to "/home/uwr/cfar_cpp/install/cfar_cpp/lib:/opt/ros/humble/lib"
-- Installing: /home/uwr/cfar_cpp/install/cfar_cpp/lib/libcfar_cpp__rosidl_typesupport_cpp.so
-- Set runtime path of "/home/uwr/cfar_cpp/install/cfar_cpp/lib/libcfar_cpp__rosidl_typesupport_cpp.so" to "/home/uwr/cfar_cpp/install/cfar_cpp/lib:/opt/ros/humble/lib"
-- Installing: /home/uwr/cfar_cpp/install/cfar_cpp/share/cfar_cpp/environment/pythonpath.sh
-- Installing: /home/uwr/cfar_cpp/install/cfar_cpp/share/cfar_cpp/environment/pythonpath.dsv
-- Installing: /home/uwr/cfar_cpp/install/cfar_cpp/local/lib/python3.10/dist-packages/cfar_cpp-0.0.0-py3.10.egg-info
-- Installing: /home/uwr/cfar_cpp/install/cfar_cpp/local/lib/python3.10/dist-packages/cfar_cpp-0.0.0-py3.10.egg-info/top_level.txt
-- Installing: /home/uwr/cfar_cpp/install/cfar_cpp/local/lib/python3.10/dist-packages/cfar_cpp-0.0.0-py3.10.egg-info/dependency_links.txt
-- Installing: /home/uwr/cfar_cpp/install/cfar_cpp/local/lib/python3.10/dist-packages/cfar_cpp-0.0.0-py3.10.egg-info/PKG-INFO
-- Installing: /home/uwr/cfar_cpp/install/cfar_cpp/local/lib/python3.10/dist-packages/cfar_cpp-0.0.0-py3.10.egg-info/SOURCES.txt
-- Installing: /home/uwr/cfar_cpp/install/cfar_cpp/local/lib/python3.10/dist-packages/cfar_cpp
-- Installing: /home/uwr/cfar_cpp/install/cfar_cpp/local/lib/python3.10/dist-packages/cfar_cpp/cfar_cpp_s__rosidl_typesupport_fastrtps_c.cpython-310-x86_64-linux-gnu.so
-- Installing: /home/uwr/cfar_cpp/install/cfar_cpp/local/lib/python3.10/dist-packages/cfar_cpp/libcfar_cpp__rosidl_generator_py.so
-- Installing: /home/uwr/cfar_cpp/install/cfar_cpp/local/lib/python3.10/dist-packages/cfar_cpp/_cfar_cpp_s.ep.rosidl_typesupport_fastrtps_c.c
-- Installing: /home/uwr/cfar_cpp/install/cfar_cpp/local/lib/python3.10/dist-packages/cfar_cpp/cfar_cpp_s__rosidl_typesupport_c.cpython-310-x86_64-linux-gnu.so
-- Installing: /home/uwr/cfar_cpp/install/cfar_cpp/local/lib/python3.10/dist-packages/cfar_cpp/cfar_cpp_s__rosidl_typesupport_introspection_c.cpython-310-x86_64-linux-gnu.so
-- Installing: /home/uwr/cfar_cpp/install/cfar_cpp/local/lib/python3.10/dist-packages/cfar_cpp/msg
-- Installing: /home/uwr/cfar_cpp/install/cfar_cpp/local/lib/python3.10/dist-packages/cfar_cpp/msg/_cfar_info_s.c
-- Installing: /home/uwr/cfar_cpp/install/cfar_cpp/local/lib/python3.10/dist-packages/cfar_cpp/msg/__init__.py
-- Installing: /home/uwr/cfar_cpp/install/cfar_cpp/local/lib/python3.10/dist-packages/cfar_cpp/msg/_cfar_info.py
-- Installing: /home/uwr/cfar_cpp/install/cfar_cpp/local/lib/python3.10/dist-packages/cfar_cpp/_cfar_cpp_s.ep.rosidl_typesupport_c.c
-- Installing: /home/uwr/cfar_cpp/install/cfar_cpp/local/lib/python3.10/dist-packages/cfar_cpp/__init__.py
-- Installing: /home/uwr/cfar_cpp/install/cfar_cpp/local/lib/python3.10/dist-packages/cfar_cpp/_cfar_cpp_s.ep.rosidl_typesupport_introspection_c.c
Listing '/home/uwr/cfar_cpp/install/cfar_cpp/local/lib/python3.10/dist-packages/cfar_cpp'...
Compiling '/home/uwr/cfar_cpp/install/cfar_cpp/local/lib/python3.10/dist-packages/cfar_cpp/__init__.py'...
Listing '/home/uwr/cfar_cpp/install/cfar_cpp/local/lib/python3.10/dist-packages/cfar_cpp/msg'...
Compiling '/home/uwr/cfar_cpp/install/cfar_cpp/local/lib/python3.10/dist-packages/cfar_cpp/msg/__init__.py'...
Compiling '/home/uwr/cfar_cpp/install/cfar_cpp/local/lib/python3.10/dist-packages/cfar_cpp/msg/_cfar_info.py'...
-- Installing: /home/uwr/cfar_cpp/install/cfar_cpp/local/lib/python3.10/dist-packages/cfar_cpp/cfar_cpp_s__rosidl_typesupport_fastrtps_c.cpython-310-x86_64-linux-gnu.so
-- Set runtime path of "/home/uwr/cfar_cpp/install/cfar_cpp/local/lib/python3.10/dist-packages/cfar_cpp/cfar_cpp_s__rosidl_typesupport_fastrtps_c.cpython-310-x86_64-linux-gnu.so" to "/home/uwr/cfar_cpp/install/cfar_cpp/lib:/opt/ros/humble/lib"
-- Installing: /home/uwr/cfar_cpp/install/cfar_cpp/local/lib/python3.10/dist-packages/cfar_cpp/cfar_cpp_s__rosidl_typesupport_introspection_c.cpython-310-x86_64-linux-gnu.so
-- Set runtime path of "/home/uwr/cfar_cpp/install/cfar_cpp/local/lib/python3.10/dist-packages/cfar_cpp/cfar_cpp_s__rosidl_typesupport_introspection_c.cpython-310-x86_64-linux-gnu.so" to "/home/uwr/cfar_cpp/install/cfar_cpp/lib:/opt/ros/humble/lib"
-- Installing: /home/uwr/cfar_cpp/install/cfar_cpp/local/lib/python3.10/dist-packages/cfar_cpp/cfar_cpp_s__rosidl_typesupport_c.cpython-310-x86_64-linux-gnu.so
-- Set runtime path of "/home/uwr/cfar_cpp/install/cfar_cpp/local/lib/python3.10/dist-packages/cfar_cpp/cfar_cpp_s__rosidl_typesupport_c.cpython-310-x86_64-linux-gnu.so" to "/home/uwr/cfar_cpp/install/cfar_cpp/lib:/opt/ros/humble/lib"
-- Installing: /home/uwr/cfar_cpp/install/cfar_cpp/lib/libcfar_cpp__rosidl_generator_py.so
-- Set runtime path of "/home/uwr/cfar_cpp/install/cfar_cpp/lib/libcfar_cpp__rosidl_generator_py.so" to "/home/uwr/cfar_cpp/install/cfar_cpp/lib:/opt/ros/humble/lib"
-- Installing: /home/uwr/cfar_cpp/install/cfar_cpp/share/cfar_cpp/msg/CfarInfo.idl
-- Installing: /home/uwr/cfar_cpp/install/cfar_cpp/share/cfar_cpp/msg/CfarInfo.msg
-- Installing: /home/uwr/cfar_cpp/install/cfar_cpp/lib/libcfar_lib.so
-- Set runtime path of "/home/uwr/cfar_cpp/install/cfar_cpp/lib/libcfar_lib.so" to "/home/uwr/cfar_cpp/install/cfar_cpp/lib"
-- Installing: /home/uwr/cfar_cpp/install/cfar_cpp/lib/cfar_cpp/cfar
-- Set runtime path of "/home/uwr/cfar_cpp/install/cfar_cpp/lib/cfar_cpp/cfar" to "/home/uwr/cfar_cpp/install/cfar_cpp/lib"
-- Installing: /home/uwr/cfar_cpp/install/cfar_cpp/lib/cfar_cpp/cfar_node
-- Set runtime path of "/home/uwr/cfar_cpp/install/cfar_cpp/lib/cfar_cpp/cfar_node" to "/home/uwr/cfar_cpp/install/cfar_cpp/lib:/opt/ros/humble/lib/x86_64-linux-gnu:/opt/ros/humble/lib"
-- Installing: /home/uwr/cfar_cpp/install/cfar_cpp/local/lib/python3.10/dist-packages/cfar_cpp/pycfar.cpython-310-x86_64-linux-gnu.so
-- Up-to-date: /home/uwr/cfar_cpp/install/cfar_cpp/include/cfar_cpp
-- Installing: /home/uwr/cfar_cpp/install/cfar_cpp/include/cfar_cpp/cfar.h
-- Installing: /home/uwr/cfar_cpp/install/cfar_cpp/share/cfar_cpp/launch
-- Installing: /home/uwr/cfar_cpp/install/cfar_cpp/share/cfar_cpp/launch/launch.py
-- Installing: /home/uwr/cfar_cpp/install/cfar_cpp/share/cfar_cpp/cfg
-- Installing: /home/uwr/cfar_cpp/install/cfar_cpp/share/cfar_cpp/cfg/config.yaml
-- Installing: /home/uwr/cfar_cpp/install/cfar_cpp/share/ament_index/resource_index/package_run_dependencies/cfar_cpp
-- Installing: /home/uwr/cfar_cpp/install/cfar_cpp/share/ament_index/resource_index/parent_prefix_path/cfar_cpp
-- Installing: /home/uwr/cfar_cpp/install/cfar_cpp/share/cfar_cpp/environment/ament_prefix_path.sh
-- Installing: /home/uwr/cfar_cpp/install/cfar_cpp/share/cfar_cpp/environment/ament_prefix_path.dsv
-- Installing: /home/uwr/cfar_cpp/install/cfar_cpp/share/cfar_cpp/environment/path.sh
-- Installing: /home/uwr/cfar_cpp/install/cfar_cpp/share/cfar_cpp/environment/path.dsv
-- Installing: /home/uwr/cfar_cpp/install/cfar_cpp/share/cfar_cpp/local_setup.bash
-- Installing: /home/uwr/cfar_cpp/install/cfar_cpp/share/cfar_cpp/local_setup.sh
-- Installing: /home/uwr/cfar_cpp/install/cfar_cpp/share/cfar_cpp/local_setup.zsh
-- Installing: /home/uwr/cfar_cpp/install/cfar_cpp/share/cfar_cpp/local_setup.dsv
-- Installing: /home/uwr/cfar_cpp/install/cfar_cpp/share/cfar_cpp/package.dsv
-- Installing: /home/uwr/cfar_cpp/install/cfar_cpp/share/ament_index/resource_index/packages/cfar_cpp
-- Installing: /home/uwr/cfar_cpp/install/cfar_cpp/share/cfar_cpp/cmake/export_cfar_cpp__rosidl_generator_cExport.cmake
-- Installing: /home/uwr/cfar_cpp/install/cfar_cpp/share/cfar_cpp/cmake/export_cfar_cpp__rosidl_generator_cExport-noconfig.cmake
-- Installing: /home/uwr/cfar_cpp/install/cfar_cpp/share/cfar_cpp/cmake/export_cfar_cpp__rosidl_typesupport_fastrtps_cExport.cmake
-- Installing: /home/uwr/cfar_cpp/install/cfar_cpp/share/cfar_cpp/cmake/export_cfar_cpp__rosidl_typesupport_fastrtps_cExport-noconfig.cmake
-- Installing: /home/uwr/cfar_cpp/install/cfar_cpp/share/cfar_cpp/cmake/export_cfar_cpp__rosidl_generator_cppExport.cmake
-- Installing: /home/uwr/cfar_cpp/install/cfar_cpp/share/cfar_cpp/cmake/export_cfar_cpp__rosidl_typesupport_fastrtps_cppExport.cmake
-- Installing: /home/uwr/cfar_cpp/install/cfar_cpp/share/cfar_cpp/cmake/export_cfar_cpp__rosidl_typesupport_fastrtps_cppExport-noconfig.cmake
-- Installing: /home/uwr/cfar_cpp/install/cfar_cpp/share/cfar_cpp/cmake/cfar_cpp__rosidl_typesupport_introspection_cExport.cmake
-- Installing: /home/uwr/cfar_cpp/install/cfar_cpp/share/cfar_cpp/cmake/cfar_cpp__rosidl_typesupport_introspection_cExport-noconfig.cmake
-- Installing: /home/uwr/cfar_cpp/install/cfar_cpp/share/cfar_cpp/cmake/cfar_cpp__rosidl_typesupport_cExport.cmake
-- Installing: /home/uwr/cfar_cpp/install/cfar_cpp/share/cfar_cpp/cmake/cfar_cpp__rosidl_typesupport_cExport-noconfig.cmake
-- Installing: /home/uwr/cfar_cpp/install/cfar_cpp/share/cfar_cpp/cmake/cfar_cpp__rosidl_typesupport_introspection_cppExport.cmake
-- Installing: /home/uwr/cfar_cpp/install/cfar_cpp/share/cfar_cpp/cmake/cfar_cpp__rosidl_typesupport_introspection_cppExport-noconfig.cmake
-- Installing: /home/uwr/cfar_cpp/install/cfar_cpp/share/cfar_cpp/cmake/cfar_cpp__rosidl_typesupport_cppExport.cmake
-- Installing: /home/uwr/cfar_cpp/install/cfar_cpp/share/cfar_cpp/cmake/cfar_cpp__rosidl_typesupport_cppExport-noconfig.cmake
-- Installing: /home/uwr/cfar_cpp/install/cfar_cpp/share/cfar_cpp/cmake/export_cfar_cpp__rosidl_generator_pyExport.cmake
-- Installing: /home/uwr/cfar_cpp/install/cfar_cpp/share/cfar_cpp/cmake/export_cfar_cpp__rosidl_generator_pyExport-noconfig.cmake
-- Installing: /home/uwr/cfar_cpp/install/cfar_cpp/share/cfar_cpp/cmake/rosidl_cmake-extras.cmake
-- Installing: /home/uwr/cfar_cpp/install/cfar_cpp/share/cfar_cpp/cmake/ament_cmake_export_dependencies-extras.cmake
-- Installing: /home/uwr/cfar_cpp/install/cfar_cpp/share/cfar_cpp/cmake/ament_cmake_export_include_directories-extras.cmake
-- Installing: /home/uwr/cfar_cpp/install/cfar_cpp/share/cfar_cpp/cmake/ament_cmake_export_libraries-extras.cmake
-- Installing: /home/uwr/cfar_cpp/install/cfar_cpp/share/cfar_cpp/cmake/ament_cmake_export_targets-extras.cmake
-- Installing: /home/uwr/cfar_cpp/install/cfar_cpp/share/cfar_cpp/cmake/rosidl_cmake_export_typesupport_targets-extras.cmake
-- Installing: /home/uwr/cfar_cpp/install/cfar_cpp/share/cfar_cpp/cmake/rosidl_cmake_export_typesupport_libraries-extras.cmake
-- Installing: /home/uwr/cfar_cpp/install/cfar_cpp/share/cfar_cpp/cmake/cfar_cppConfig.cmake
-- Installing: /home/uwr/cfar_cpp/install/cfar_cpp/share/cfar_cpp/cmake/cfar_cppConfig-version.cmake
-- Installing: /home/uwr/cfar_cpp/install/cfar_cpp/share/cfar_cpp/package.xml
