[0.012s] Invoking command in '/home/uwr/cfar_cpp/build/cfar_cpp': CMAKE_PREFIX_PATH=${CMAKE_PREFIX_PATH}:/home/uwr/Desktop/2024_UWR/install/sonar_subs:/opt/ros/humble /usr/bin/cmake /home/uwr/cfar_cpp -DCMAKE_INSTALL_PREFIX=/home/uwr/cfar_cpp/install/cfar_cpp
[0.120s] -- The C compiler identification is GNU 11.4.0
[0.201s] -- The CXX compiler identification is GNU 11.4.0
[0.211s] -- Detecting C compiler ABI info
[0.276s] -- Detecting C compiler ABI info - done
[0.283s] -- Check for working C compiler: /usr/bin/cc - skipped
[0.284s] -- Detecting C compile features
[0.284s] -- Detecting C compile features - done
[0.287s] -- Detecting CXX compiler ABI info
[0.360s] -- Detecting CXX compiler ABI info - done
[0.367s] -- Check for working CXX compiler: /usr/bin/c++ - skipped
[0.367s] -- Detecting CXX compile features
[0.368s] -- Detecting CXX compile features - done
[0.373s] -- Found ament_cmake: 1.3.10 (/opt/ros/humble/share/ament_cmake/cmake)
[0.526s] -- Found Python3: /usr/bin/python3 (found version "3.10.12") found components: Interpreter 
[0.642s] -- Found OpenCV: /usr (found version "4.5.4") 
[0.644s] -- Found rclcpp: 16.0.10 (/opt/ros/humble/share/rclcpp/cmake)
[0.699s] -- Found rosidl_generator_c: 3.1.5 (/opt/ros/humble/share/rosidl_generator_c/cmake)
[0.706s] -- Found rosidl_adapter: 3.1.5 (/opt/ros/humble/share/rosidl_adapter/cmake)
[0.717s] -- Found rosidl_generator_cpp: 3.1.5 (/opt/ros/humble/share/rosidl_generator_cpp/cmake)
[0.736s] -- Using all available rosidl_typesupport_c: rosidl_typesupport_fastrtps_c;rosidl_typesupport_introspection_c
[0.757s] -- Using all available rosidl_typesupport_cpp: rosidl_typesupport_fastrtps_cpp;rosidl_typesupport_introspection_cpp
[0.815s] -- Found rmw_implementation_cmake: 6.1.2 (/opt/ros/humble/share/rmw_implementation_cmake/cmake)
[0.819s] -- Found rmw_fastrtps_cpp: 6.2.7 (/opt/ros/humble/share/rmw_fastrtps_cpp/cmake)
[0.910s] -- Found OpenSSL: /usr/lib/x86_64-linux-gnu/libcrypto.so (found version "3.0.2")  
[0.938s] -- Found FastRTPS: /opt/ros/humble/include  
[0.977s] -- Using RMW implementation 'rmw_fastrtps_cpp' as default
[0.988s] -- Looking for pthread.h
[1.062s] -- Looking for pthread.h - found
[1.062s] -- Performing Test CMAKE_HAVE_LIBC_PTHREAD
[1.127s] -- Performing Test CMAKE_HAVE_LIBC_PTHREAD - Success
[1.128s] -- Found Threads: TRUE  
[1.196s] -- Found sensor_msgs: 4.2.4 (/opt/ros/humble/share/sensor_msgs/cmake)
[1.237s] -- Found cv_bridge: 3.2.1 (/opt/ros/humble/share/cv_bridge/cmake)
[1.241s] -- Found image_transport: 3.1.9 (/opt/ros/humble/share/image_transport/cmake)
[1.280s] -- Found rosidl_default_generators: 1.2.0 (/opt/ros/humble/share/rosidl_default_generators/cmake)
[1.293s] -- Found Armadillo: /usr/include (found version "10.8.2") 
[1.308s] -- Found Boost: /usr/lib/x86_64-linux-gnu/cmake/Boost-1.74.0/BoostConfig.cmake (found version "1.74.0")  
[1.311s] -- Looking for sgemm_
[1.375s] -- Looking for sgemm_ - not found
[1.415s] -- Looking for sgemm_
[1.480s] -- Looking for sgemm_ - found
[1.481s] -- Found BLAS: /usr/lib/x86_64-linux-gnu/libblas.so  
[1.523s] -- Looking for cheev_
[1.589s] -- Looking for cheev_ - not found
[1.599s] -- Looking for cheev_
[1.653s] -- Looking for cheev_ - not found
[1.654s] -- Looking for cheev_
[1.731s] -- Looking for cheev_ - found
[1.731s] -- Found LAPACK: /usr/lib/x86_64-linux-gnu/liblapack.so;/usr/lib/x86_64-linux-gnu/libblas.so  
[2.032s] -- Found Python: /usr/bin/python3.10 (found suitable version "3.10.12", minimum required is "3.10") found components: Interpreter Development Development.Module Development.Embed 
[2.079s] -- Performing Test HAS_FLTO
[2.202s] -- Performing Test HAS_FLTO - Success
[2.203s] -- Found pybind11: /home/uwr/.local/include (found version "2.13.6")
[2.481s] -- Found ament_cmake_ros: 0.10.0 (/opt/ros/humble/share/ament_cmake_ros/cmake)
[2.853s] -- Using all available rosidl_typesupport_c: rosidl_typesupport_fastrtps_c;rosidl_typesupport_introspection_c
[2.995s] -- Using all available rosidl_typesupport_cpp: rosidl_typesupport_fastrtps_cpp;rosidl_typesupport_introspection_cpp
[3.018s] -- Found PythonInterp: /usr/bin/python3 (found suitable version "3.10.12", minimum required is "3.6") 
[3.021s] -- Found python_cmake_module: 0.10.0 (/opt/ros/humble/share/python_cmake_module/cmake)
[3.048s] -- Found PythonLibs: /usr/lib/x86_64-linux-gnu/libpython3.10.so (found suitable version "3.10.12", minimum required is "3.5") 
[3.048s] -- Using PYTHON_EXECUTABLE: /usr/bin/python3
[3.048s] -- Using PYTHON_INCLUDE_DIRS: /usr/include/python3.10
[3.048s] -- Using PYTHON_LIBRARIES: /usr/lib/x86_64-linux-gnu/libpython3.10.so
[3.069s] -- Found PythonExtra: .so  
[3.121s] -- Found ament_lint_auto: 0.12.11 (/opt/ros/humble/share/ament_lint_auto/cmake)
[3.543s] -- Added test 'cppcheck' to perform static code analysis on C / C++ code
[3.545s] -- Configured cppcheck include dirs: /home/uwr/cfar_cpp/include;$<BUILD_INTERFACE:/home/uwr/cfar_cpp/build/cfar_cpp/rosidl_generator_c>;$<BUILD_INTERFACE:/home/uwr/cfar_cpp/build/cfar_cpp/rosidl_typesupport_fastrtps_c>;$<BUILD_INTERFACE:/home/uwr/cfar_cpp/build/cfar_cpp/rosidl_generator_cpp>;$<BUILD_INTERFACE:/home/uwr/cfar_cpp/build/cfar_cpp/rosidl_typesupport_fastrtps_cpp>;$<BUILD_INTERFACE:/home/uwr/cfar_cpp/build/cfar_cpp/rosidl_typesupport_introspection_c>;$<BUILD_INTERFACE:/home/uwr/cfar_cpp/build/cfar_cpp/rosidl_typesupport_introspection_cpp>;/home/uwr/cfar_cpp/build/cfar_cpp/rosidl_generator_c;/home/uwr/cfar_cpp/build/cfar_cpp/rosidl_generator_py;/home/uwr/cfar_cpp/src
[3.545s] -- Configured cppcheck exclude dirs and/or files: 
[3.596s] -- Added test 'flake8' to check Python code syntax and style conventions
[3.695s] -- Added test 'lint_cmake' to check CMake code style
[3.748s] -- Added test 'pep257' to check Python code against some of the docstring style conventions in PEP 257
[4.149s] -- Added test 'uncrustify' to check C / C++ code style
[4.149s] -- Configured uncrustify additional arguments: 
[4.199s] -- Added test 'xmllint' to check XML markup files
[4.202s] -- Configuring done
[4.254s] -- Generating done
[4.257s] -- Build files have been written to: /home/uwr/cfar_cpp/build/cfar_cpp
[4.270s] Invoked command in '/home/uwr/cfar_cpp/build/cfar_cpp' returned '0': CMAKE_PREFIX_PATH=${CMAKE_PREFIX_PATH}:/home/uwr/Desktop/2024_UWR/install/sonar_subs:/opt/ros/humble /usr/bin/cmake /home/uwr/cfar_cpp -DCMAKE_INSTALL_PREFIX=/home/uwr/cfar_cpp/install/cfar_cpp
[4.272s] Invoking command in '/home/uwr/cfar_cpp/build/cfar_cpp': CMAKE_PREFIX_PATH=${CMAKE_PREFIX_PATH}:/home/uwr/Desktop/2024_UWR/install/sonar_subs:/opt/ros/humble /usr/bin/cmake --build /home/uwr/cfar_cpp/build/cfar_cpp -- -j8 -l8
[4.310s] [  2%] [34m[1mGenerating C code for ROS interfaces[0m
[4.325s] [  4%] [32mBuilding CXX object CMakeFiles/cfar_lib.dir/src/cfar.cpp.o[0m
[4.327s] [  7%] [32mBuilding CXX object CMakeFiles/pycfar.dir/src/utils/ndarray_converter.cpp.o[0m
[4.327s] [  9%] [32mBuilding CXX object CMakeFiles/pycfar.dir/src/cfar.cpp.o[0m
[4.327s] [ 11%] [32mBuilding CXX object CMakeFiles/pycfar.dir/src/cfar_bindings.cpp.o[0m
[4.332s] [ 14%] [34m[1mGenerating C++ code for ROS interfaces[0m
[4.346s] [ 14%] Built target ament_cmake_python_copy_cfar_cpp
[4.880s] running egg_info
[4.884s] creating cfar_cpp.egg-info
[4.884s] writing cfar_cpp.egg-info/PKG-INFO
[4.885s] writing dependency_links to cfar_cpp.egg-info/dependency_links.txt
[4.885s] writing top-level names to cfar_cpp.egg-info/top_level.txt
[4.885s] writing manifest file 'cfar_cpp.egg-info/SOURCES.txt'
[4.890s] reading manifest file 'cfar_cpp.egg-info/SOURCES.txt'
[4.891s] writing manifest file 'cfar_cpp.egg-info/SOURCES.txt'
[4.951s] [ 14%] Built target ament_cmake_python_build_cfar_cpp_egg
[4.960s] [ 14%] Built target cfar_cpp__cpp
[4.979s] [ 16%] [34m[1mGenerating C++ type support for eProsima Fast-RTPS[0m
[4.979s] [ 19%] [34m[1mGenerating C++ type support dispatch for ROS interfaces[0m
[4.979s] [ 21%] [34m[1mGenerating C++ introspection for ROS interfaces[0m
[5.002s] [ 23%] [32mBuilding C object CMakeFiles/cfar_cpp__rosidl_generator_c.dir/rosidl_generator_c/cfar_cpp/msg/detail/cfar_info__functions.c.o[0m
[5.114s] [ 26%] [32m[1mLinking C shared library lib/libcfar_cpp__rosidl_generator_c.so[0m
[5.187s] [ 26%] Built target cfar_cpp__rosidl_generator_c
[5.204s] [ 28%] [34m[1mGenerating C type support for eProsima Fast-RTPS[0m
[5.569s] [ 30%] [32mBuilding CXX object CMakeFiles/cfar_cpp__rosidl_typesupport_cpp.dir/rosidl_typesupport_cpp/cfar_cpp/msg/cfar_info__type_support.cpp.o[0m
[5.589s] [ 33%] [32mBuilding CXX object CMakeFiles/cfar_cpp__rosidl_typesupport_introspection_cpp.dir/rosidl_typesupport_introspection_cpp/cfar_cpp/msg/detail/cfar_info__type_support.cpp.o[0m
[5.623s] [ 35%] [32mBuilding CXX object CMakeFiles/cfar_cpp__rosidl_typesupport_fastrtps_cpp.dir/rosidl_typesupport_fastrtps_cpp/cfar_cpp/msg/detail/dds_fastrtps/cfar_info__type_support.cpp.o[0m
[5.843s] [ 38%] [32mBuilding CXX object CMakeFiles/cfar_cpp__rosidl_typesupport_fastrtps_c.dir/rosidl_typesupport_fastrtps_c/cfar_cpp/msg/detail/cfar_info__type_support_c.cpp.o[0m
[6.203s] [ 40%] [32m[1mLinking CXX shared library lib/libcfar_cpp__rosidl_typesupport_cpp.so[0m
[6.293s] [ 40%] Built target cfar_cpp__rosidl_typesupport_cpp
[6.315s] [ 42%] [34m[1mGenerating C introspection for ROS interfaces[0m
[6.479s] [ 45%] [32m[1mLinking CXX shared library lib/libcfar_cpp__rosidl_typesupport_introspection_cpp.so[0m
[6.571s] [ 47%] [32m[1mLinking CXX shared library lib/libcfar_cpp__rosidl_typesupport_fastrtps_cpp.so[0m
[6.628s] [ 47%] Built target cfar_cpp__rosidl_typesupport_introspection_cpp
[6.649s] [ 50%] [34m[1mGenerating C type support dispatch for ROS interfaces[0m
[6.704s] [ 52%] [32m[1mLinking CXX shared library lib/libcfar_cpp__rosidl_typesupport_fastrtps_c.so[0m
[6.752s] [ 52%] Built target cfar_cpp__rosidl_typesupport_fastrtps_cpp
[6.871s] [ 52%] Built target cfar_cpp__rosidl_typesupport_fastrtps_c
[6.949s] [ 54%] [32mBuilding C object CMakeFiles/cfar_cpp__rosidl_typesupport_introspection_c.dir/rosidl_typesupport_introspection_c/cfar_cpp/msg/detail/cfar_info__type_support.c.o[0m
[7.021s] [ 57%] [32m[1mLinking C shared library lib/libcfar_cpp__rosidl_typesupport_introspection_c.so[0m
[7.081s] [ 57%] Built target cfar_cpp__rosidl_typesupport_introspection_c
[7.090s] In file included from [01m[K/home/uwr/cfar_cpp/src/utils/ndarray_converter.cpp:4[m[K:
[7.091s] [01m[K/home/uwr/cfar_cpp/src/utils/ndarray_converter.h:[m[K In static member function ‘[01m[Kstatic pybind11::handle pybind11::detail::type_caster<cv::Mat>::cast(const cv::Mat&, pybind11::return_value_policy, pybind11::handle)[m[K’:
[7.091s] [01m[K/home/uwr/cfar_cpp/src/utils/ndarray_converter.h:34:70:[m[K [01;35m[Kwarning: [m[Kunused parameter ‘[01m[Kdefval[m[K’ [[01;35m[K]8;;https://gcc.gnu.org/onlinedocs/gcc/Warning-Options.html#index-Wunused-parameter-Wunused-parameter]8;;[m[K]
[7.091s]    34 |     static handle cast(const cv::Mat &m, return_value_policy, [01;35m[Khandle defval[m[K) {
[7.091s]       |                                                               [01;35m[K~~~~~~~^~~~~~[m[K
[7.231s] [ 59%] [32mBuilding CXX object CMakeFiles/cfar_cpp__rosidl_typesupport_c.dir/rosidl_typesupport_c/cfar_cpp/msg/cfar_info__type_support.cpp.o[0m
[7.293s] [ 61%] [32m[1mLinking CXX shared library lib/libcfar_cpp__rosidl_typesupport_c.so[0m
[7.377s] [ 61%] Built target cfar_cpp__rosidl_typesupport_c
[7.414s] [ 61%] Built target cfar_cpp
[7.453s] [ 64%] [34m[1mGenerating Python code for ROS interfaces[0m
[8.266s] [ 64%] Built target cfar_cpp__py
[8.303s] [ 66%] [32mBuilding C object CMakeFiles/cfar_cpp__rosidl_generator_py.dir/rosidl_generator_py/cfar_cpp/msg/_cfar_info_s.c.o[0m
[8.568s] [ 69%] [32m[1mLinking C shared library rosidl_generator_py/cfar_cpp/libcfar_cpp__rosidl_generator_py.so[0m
[8.622s] [ 69%] Built target cfar_cpp__rosidl_generator_py
[8.652s] [ 71%] [32mBuilding C object CMakeFiles/cfar_cpp__rosidl_typesupport_introspection_c__pyext.dir/rosidl_generator_py/cfar_cpp/_cfar_cpp_s.ep.rosidl_typesupport_introspection_c.c.o[0m
[8.657s] [ 73%] [32mBuilding C object CMakeFiles/cfar_cpp__rosidl_typesupport_c__pyext.dir/rosidl_generator_py/cfar_cpp/_cfar_cpp_s.ep.rosidl_typesupport_c.c.o[0m
[8.660s] [ 76%] [32mBuilding C object CMakeFiles/cfar_cpp__rosidl_typesupport_fastrtps_c__pyext.dir/rosidl_generator_py/cfar_cpp/_cfar_cpp_s.ep.rosidl_typesupport_fastrtps_c.c.o[0m
[8.796s] [ 78%] [32m[1mLinking C shared library rosidl_generator_py/cfar_cpp/cfar_cpp_s__rosidl_typesupport_introspection_c.cpython-310-x86_64-linux-gnu.so[0m
[8.846s] [ 78%] Built target cfar_cpp__rosidl_typesupport_introspection_c__pyext
[8.881s] [ 80%] [32m[1mLinking C shared library rosidl_generator_py/cfar_cpp/cfar_cpp_s__rosidl_typesupport_fastrtps_c.cpython-310-x86_64-linux-gnu.so[0m
[8.881s] [ 83%] [32m[1mLinking C shared library rosidl_generator_py/cfar_cpp/cfar_cpp_s__rosidl_typesupport_c.cpython-310-x86_64-linux-gnu.so[0m
[8.948s] [ 83%] Built target cfar_cpp__rosidl_typesupport_fastrtps_c__pyext
[8.953s] [ 83%] Built target cfar_cpp__rosidl_typesupport_c__pyext
[12.104s] In file included from [01m[K/home/uwr/cfar_cpp/src/cfar_bindings.cpp:6[m[K:
[12.104s] [01m[K/home/uwr/cfar_cpp/src/utils/ndarray_converter.h:[m[K In static member function ‘[01m[Kstatic pybind11::handle pybind11::detail::type_caster<cv::Mat>::cast(const cv::Mat&, pybind11::return_value_policy, pybind11::handle)[m[K’:
[12.104s] [01m[K/home/uwr/cfar_cpp/src/utils/ndarray_converter.h:34:70:[m[K [01;35m[Kwarning: [m[Kunused parameter ‘[01m[Kdefval[m[K’ [[01;35m[K]8;;https://gcc.gnu.org/onlinedocs/gcc/Warning-Options.html#index-Wunused-parameter-Wunused-parameter]8;;[m[K]
[12.104s]    34 |     static handle cast(const cv::Mat &m, return_value_policy, [01;35m[Khandle defval[m[K) {
[12.104s]       |                                                               [01;35m[K~~~~~~~^~~~~~[m[K
[12.668s] [ 85%] [32m[1mLinking CXX shared library lib/libcfar_lib.so[0m
[12.775s] [ 85%] Built target cfar_lib
[12.800s] [ 92%] [32mBuilding CXX object CMakeFiles/cfar_node.dir/src/cfar.cpp.o[0m
[12.800s] [ 92%] [32mBuilding CXX object CMakeFiles/cfar_node.dir/src/cfar_node.cpp.o[0m
[12.800s] [ 92%] [32mBuilding CXX object CMakeFiles/cfar.dir/src/main.cpp.o[0m
[14.809s] [ 95%] [32m[1mLinking CXX shared module lib/pycfar.cpython-310-x86_64-linux-gnu.so[0m
[18.336s] [ 95%] Built target pycfar
[19.517s] [ 97%] [32m[1mLinking CXX executable bin/cfar[0m
[19.955s] [ 97%] Built target cfar
[27.480s] [100%] [32m[1mLinking CXX executable bin/cfar_node[0m
[28.153s] [100%] Built target cfar_node
[28.165s] Invoked command in '/home/uwr/cfar_cpp/build/cfar_cpp' returned '0': CMAKE_PREFIX_PATH=${CMAKE_PREFIX_PATH}:/home/uwr/Desktop/2024_UWR/install/sonar_subs:/opt/ros/humble /usr/bin/cmake --build /home/uwr/cfar_cpp/build/cfar_cpp -- -j8 -l8
[28.250s] Invoking command in '/home/uwr/cfar_cpp/build/cfar_cpp': CMAKE_PREFIX_PATH=${CMAKE_PREFIX_PATH}:/home/uwr/Desktop/2024_UWR/install/sonar_subs:/opt/ros/humble /usr/bin/cmake --install /home/uwr/cfar_cpp/build/cfar_cpp
[28.257s] -- Install configuration: ""
[28.258s] -- Installing: /home/uwr/cfar_cpp/install/cfar_cpp/share/ament_index/resource_index/rosidl_interfaces/cfar_cpp
[28.258s] -- Installing: /home/uwr/cfar_cpp/install/cfar_cpp/include/cfar_cpp/cfar_cpp
[28.258s] -- Installing: /home/uwr/cfar_cpp/install/cfar_cpp/include/cfar_cpp/cfar_cpp/msg
[28.258s] -- Installing: /home/uwr/cfar_cpp/install/cfar_cpp/include/cfar_cpp/cfar_cpp/msg/rosidl_generator_c__visibility_control.h
[28.258s] -- Installing: /home/uwr/cfar_cpp/install/cfar_cpp/include/cfar_cpp/cfar_cpp/msg/detail
[28.258s] -- Installing: /home/uwr/cfar_cpp/install/cfar_cpp/include/cfar_cpp/cfar_cpp/msg/detail/cfar_info__type_support.h
[28.259s] -- Installing: /home/uwr/cfar_cpp/install/cfar_cpp/include/cfar_cpp/cfar_cpp/msg/detail/cfar_info__functions.h
[28.259s] -- Installing: /home/uwr/cfar_cpp/install/cfar_cpp/include/cfar_cpp/cfar_cpp/msg/detail/cfar_info__functions.c
[28.259s] -- Installing: /home/uwr/cfar_cpp/install/cfar_cpp/include/cfar_cpp/cfar_cpp/msg/detail/cfar_info__struct.h
[28.259s] -- Installing: /home/uwr/cfar_cpp/install/cfar_cpp/include/cfar_cpp/cfar_cpp/msg/cfar_info.h
[28.259s] -- Installing: /home/uwr/cfar_cpp/install/cfar_cpp/share/cfar_cpp/environment/library_path.sh
[28.260s] -- Installing: /home/uwr/cfar_cpp/install/cfar_cpp/share/cfar_cpp/environment/library_path.dsv
[28.260s] -- Installing: /home/uwr/cfar_cpp/install/cfar_cpp/lib/libcfar_cpp__rosidl_generator_c.so
[28.261s] -- Set runtime path of "/home/uwr/cfar_cpp/install/cfar_cpp/lib/libcfar_cpp__rosidl_generator_c.so" to "/home/uwr/cfar_cpp/install/cfar_cpp/lib:/opt/ros/humble/lib"
[28.261s] -- Up-to-date: /home/uwr/cfar_cpp/install/cfar_cpp/include/cfar_cpp/cfar_cpp
[28.261s] -- Up-to-date: /home/uwr/cfar_cpp/install/cfar_cpp/include/cfar_cpp/cfar_cpp/msg
[28.261s] -- Up-to-date: /home/uwr/cfar_cpp/install/cfar_cpp/include/cfar_cpp/cfar_cpp/msg/detail
[28.261s] -- Installing: /home/uwr/cfar_cpp/install/cfar_cpp/include/cfar_cpp/cfar_cpp/msg/detail/cfar_info__rosidl_typesupport_fastrtps_c.h
[28.261s] -- Installing: /home/uwr/cfar_cpp/install/cfar_cpp/include/cfar_cpp/cfar_cpp/msg/rosidl_typesupport_fastrtps_c__visibility_control.h
[28.261s] -- Installing: /home/uwr/cfar_cpp/install/cfar_cpp/lib/libcfar_cpp__rosidl_typesupport_fastrtps_c.so
[28.261s] -- Set runtime path of "/home/uwr/cfar_cpp/install/cfar_cpp/lib/libcfar_cpp__rosidl_typesupport_fastrtps_c.so" to "/home/uwr/cfar_cpp/install/cfar_cpp/lib:/opt/ros/humble/lib"
[28.262s] -- Up-to-date: /home/uwr/cfar_cpp/install/cfar_cpp/include/cfar_cpp/cfar_cpp
[28.262s] -- Up-to-date: /home/uwr/cfar_cpp/install/cfar_cpp/include/cfar_cpp/cfar_cpp/msg
[28.262s] -- Installing: /home/uwr/cfar_cpp/install/cfar_cpp/include/cfar_cpp/cfar_cpp/msg/cfar_info.hpp
[28.262s] -- Up-to-date: /home/uwr/cfar_cpp/install/cfar_cpp/include/cfar_cpp/cfar_cpp/msg/detail
[28.262s] -- Installing: /home/uwr/cfar_cpp/install/cfar_cpp/include/cfar_cpp/cfar_cpp/msg/detail/cfar_info__struct.hpp
[28.262s] -- Installing: /home/uwr/cfar_cpp/install/cfar_cpp/include/cfar_cpp/cfar_cpp/msg/detail/cfar_info__builder.hpp
[28.262s] -- Installing: /home/uwr/cfar_cpp/install/cfar_cpp/include/cfar_cpp/cfar_cpp/msg/detail/cfar_info__traits.hpp
[28.262s] -- Up-to-date: /home/uwr/cfar_cpp/install/cfar_cpp/include/cfar_cpp/cfar_cpp
[28.262s] -- Up-to-date: /home/uwr/cfar_cpp/install/cfar_cpp/include/cfar_cpp/cfar_cpp/msg
[28.262s] -- Up-to-date: /home/uwr/cfar_cpp/install/cfar_cpp/include/cfar_cpp/cfar_cpp/msg/detail
[28.263s] -- Installing: /home/uwr/cfar_cpp/install/cfar_cpp/include/cfar_cpp/cfar_cpp/msg/detail/cfar_info__rosidl_typesupport_fastrtps_cpp.hpp
[28.263s] -- Installing: /home/uwr/cfar_cpp/install/cfar_cpp/include/cfar_cpp/cfar_cpp/msg/detail/dds_fastrtps
[28.263s] -- Installing: /home/uwr/cfar_cpp/install/cfar_cpp/include/cfar_cpp/cfar_cpp/msg/rosidl_typesupport_fastrtps_cpp__visibility_control.h
[28.263s] -- Installing: /home/uwr/cfar_cpp/install/cfar_cpp/lib/libcfar_cpp__rosidl_typesupport_fastrtps_cpp.so
[28.263s] -- Set runtime path of "/home/uwr/cfar_cpp/install/cfar_cpp/lib/libcfar_cpp__rosidl_typesupport_fastrtps_cpp.so" to "/home/uwr/cfar_cpp/install/cfar_cpp/lib:/opt/ros/humble/lib"
[28.263s] -- Up-to-date: /home/uwr/cfar_cpp/install/cfar_cpp/include/cfar_cpp/cfar_cpp
[28.263s] -- Up-to-date: /home/uwr/cfar_cpp/install/cfar_cpp/include/cfar_cpp/cfar_cpp/msg
[28.263s] -- Installing: /home/uwr/cfar_cpp/install/cfar_cpp/include/cfar_cpp/cfar_cpp/msg/rosidl_typesupport_introspection_c__visibility_control.h
[28.263s] -- Up-to-date: /home/uwr/cfar_cpp/install/cfar_cpp/include/cfar_cpp/cfar_cpp/msg/detail
[28.263s] -- Installing: /home/uwr/cfar_cpp/install/cfar_cpp/include/cfar_cpp/cfar_cpp/msg/detail/cfar_info__rosidl_typesupport_introspection_c.h
[28.263s] -- Installing: /home/uwr/cfar_cpp/install/cfar_cpp/include/cfar_cpp/cfar_cpp/msg/detail/cfar_info__type_support.c
[28.264s] -- Installing: /home/uwr/cfar_cpp/install/cfar_cpp/lib/libcfar_cpp__rosidl_typesupport_introspection_c.so
[28.264s] -- Set runtime path of "/home/uwr/cfar_cpp/install/cfar_cpp/lib/libcfar_cpp__rosidl_typesupport_introspection_c.so" to "/home/uwr/cfar_cpp/install/cfar_cpp/lib:/opt/ros/humble/lib"
[28.264s] -- Installing: /home/uwr/cfar_cpp/install/cfar_cpp/lib/libcfar_cpp__rosidl_typesupport_c.so
[28.264s] -- Set runtime path of "/home/uwr/cfar_cpp/install/cfar_cpp/lib/libcfar_cpp__rosidl_typesupport_c.so" to "/home/uwr/cfar_cpp/install/cfar_cpp/lib:/opt/ros/humble/lib"
[28.264s] -- Up-to-date: /home/uwr/cfar_cpp/install/cfar_cpp/include/cfar_cpp/cfar_cpp
[28.264s] -- Up-to-date: /home/uwr/cfar_cpp/install/cfar_cpp/include/cfar_cpp/cfar_cpp/msg
[28.264s] -- Up-to-date: /home/uwr/cfar_cpp/install/cfar_cpp/include/cfar_cpp/cfar_cpp/msg/detail
[28.264s] -- Installing: /home/uwr/cfar_cpp/install/cfar_cpp/include/cfar_cpp/cfar_cpp/msg/detail/cfar_info__type_support.cpp
[28.264s] -- Installing: /home/uwr/cfar_cpp/install/cfar_cpp/include/cfar_cpp/cfar_cpp/msg/detail/cfar_info__rosidl_typesupport_introspection_cpp.hpp
[28.265s] -- Installing: /home/uwr/cfar_cpp/install/cfar_cpp/lib/libcfar_cpp__rosidl_typesupport_introspection_cpp.so
[28.265s] -- Set runtime path of "/home/uwr/cfar_cpp/install/cfar_cpp/lib/libcfar_cpp__rosidl_typesupport_introspection_cpp.so" to "/home/uwr/cfar_cpp/install/cfar_cpp/lib:/opt/ros/humble/lib"
[28.265s] -- Installing: /home/uwr/cfar_cpp/install/cfar_cpp/lib/libcfar_cpp__rosidl_typesupport_cpp.so
[28.265s] -- Set runtime path of "/home/uwr/cfar_cpp/install/cfar_cpp/lib/libcfar_cpp__rosidl_typesupport_cpp.so" to "/home/uwr/cfar_cpp/install/cfar_cpp/lib:/opt/ros/humble/lib"
[28.265s] -- Installing: /home/uwr/cfar_cpp/install/cfar_cpp/share/cfar_cpp/environment/pythonpath.sh
[28.265s] -- Installing: /home/uwr/cfar_cpp/install/cfar_cpp/share/cfar_cpp/environment/pythonpath.dsv
[28.265s] -- Installing: /home/uwr/cfar_cpp/install/cfar_cpp/local/lib/python3.10/dist-packages/cfar_cpp-0.0.0-py3.10.egg-info
[28.266s] -- Installing: /home/uwr/cfar_cpp/install/cfar_cpp/local/lib/python3.10/dist-packages/cfar_cpp-0.0.0-py3.10.egg-info/top_level.txt
[28.266s] -- Installing: /home/uwr/cfar_cpp/install/cfar_cpp/local/lib/python3.10/dist-packages/cfar_cpp-0.0.0-py3.10.egg-info/dependency_links.txt
[28.266s] -- Installing: /home/uwr/cfar_cpp/install/cfar_cpp/local/lib/python3.10/dist-packages/cfar_cpp-0.0.0-py3.10.egg-info/PKG-INFO
[28.266s] -- Installing: /home/uwr/cfar_cpp/install/cfar_cpp/local/lib/python3.10/dist-packages/cfar_cpp-0.0.0-py3.10.egg-info/SOURCES.txt
[28.266s] -- Installing: /home/uwr/cfar_cpp/install/cfar_cpp/local/lib/python3.10/dist-packages/cfar_cpp
[28.266s] -- Installing: /home/uwr/cfar_cpp/install/cfar_cpp/local/lib/python3.10/dist-packages/cfar_cpp/cfar_cpp_s__rosidl_typesupport_fastrtps_c.cpython-310-x86_64-linux-gnu.so
[28.266s] -- Installing: /home/uwr/cfar_cpp/install/cfar_cpp/local/lib/python3.10/dist-packages/cfar_cpp/libcfar_cpp__rosidl_generator_py.so
[28.266s] -- Installing: /home/uwr/cfar_cpp/install/cfar_cpp/local/lib/python3.10/dist-packages/cfar_cpp/_cfar_cpp_s.ep.rosidl_typesupport_fastrtps_c.c
[28.267s] -- Installing: /home/uwr/cfar_cpp/install/cfar_cpp/local/lib/python3.10/dist-packages/cfar_cpp/cfar_cpp_s__rosidl_typesupport_c.cpython-310-x86_64-linux-gnu.so
[28.267s] -- Installing: /home/uwr/cfar_cpp/install/cfar_cpp/local/lib/python3.10/dist-packages/cfar_cpp/cfar_cpp_s__rosidl_typesupport_introspection_c.cpython-310-x86_64-linux-gnu.so
[28.267s] -- Installing: /home/uwr/cfar_cpp/install/cfar_cpp/local/lib/python3.10/dist-packages/cfar_cpp/msg
[28.267s] -- Installing: /home/uwr/cfar_cpp/install/cfar_cpp/local/lib/python3.10/dist-packages/cfar_cpp/msg/_cfar_info_s.c
[28.267s] -- Installing: /home/uwr/cfar_cpp/install/cfar_cpp/local/lib/python3.10/dist-packages/cfar_cpp/msg/__init__.py
[28.267s] -- Installing: /home/uwr/cfar_cpp/install/cfar_cpp/local/lib/python3.10/dist-packages/cfar_cpp/msg/_cfar_info.py
[28.267s] -- Installing: /home/uwr/cfar_cpp/install/cfar_cpp/local/lib/python3.10/dist-packages/cfar_cpp/_cfar_cpp_s.ep.rosidl_typesupport_c.c
[28.267s] -- Installing: /home/uwr/cfar_cpp/install/cfar_cpp/local/lib/python3.10/dist-packages/cfar_cpp/__init__.py
[28.267s] -- Installing: /home/uwr/cfar_cpp/install/cfar_cpp/local/lib/python3.10/dist-packages/cfar_cpp/_cfar_cpp_s.ep.rosidl_typesupport_introspection_c.c
[28.305s] Listing '/home/uwr/cfar_cpp/install/cfar_cpp/local/lib/python3.10/dist-packages/cfar_cpp'...
[28.305s] Compiling '/home/uwr/cfar_cpp/install/cfar_cpp/local/lib/python3.10/dist-packages/cfar_cpp/__init__.py'...
[28.305s] Listing '/home/uwr/cfar_cpp/install/cfar_cpp/local/lib/python3.10/dist-packages/cfar_cpp/msg'...
[28.305s] Compiling '/home/uwr/cfar_cpp/install/cfar_cpp/local/lib/python3.10/dist-packages/cfar_cpp/msg/__init__.py'...
[28.305s] Compiling '/home/uwr/cfar_cpp/install/cfar_cpp/local/lib/python3.10/dist-packages/cfar_cpp/msg/_cfar_info.py'...
[28.310s] -- Installing: /home/uwr/cfar_cpp/install/cfar_cpp/local/lib/python3.10/dist-packages/cfar_cpp/cfar_cpp_s__rosidl_typesupport_fastrtps_c.cpython-310-x86_64-linux-gnu.so
[28.310s] -- Set runtime path of "/home/uwr/cfar_cpp/install/cfar_cpp/local/lib/python3.10/dist-packages/cfar_cpp/cfar_cpp_s__rosidl_typesupport_fastrtps_c.cpython-310-x86_64-linux-gnu.so" to "/home/uwr/cfar_cpp/install/cfar_cpp/lib:/opt/ros/humble/lib"
[28.310s] -- Installing: /home/uwr/cfar_cpp/install/cfar_cpp/local/lib/python3.10/dist-packages/cfar_cpp/cfar_cpp_s__rosidl_typesupport_introspection_c.cpython-310-x86_64-linux-gnu.so
[28.311s] -- Set runtime path of "/home/uwr/cfar_cpp/install/cfar_cpp/local/lib/python3.10/dist-packages/cfar_cpp/cfar_cpp_s__rosidl_typesupport_introspection_c.cpython-310-x86_64-linux-gnu.so" to "/home/uwr/cfar_cpp/install/cfar_cpp/lib:/opt/ros/humble/lib"
[28.311s] -- Installing: /home/uwr/cfar_cpp/install/cfar_cpp/local/lib/python3.10/dist-packages/cfar_cpp/cfar_cpp_s__rosidl_typesupport_c.cpython-310-x86_64-linux-gnu.so
[28.311s] -- Set runtime path of "/home/uwr/cfar_cpp/install/cfar_cpp/local/lib/python3.10/dist-packages/cfar_cpp/cfar_cpp_s__rosidl_typesupport_c.cpython-310-x86_64-linux-gnu.so" to "/home/uwr/cfar_cpp/install/cfar_cpp/lib:/opt/ros/humble/lib"
[28.311s] -- Installing: /home/uwr/cfar_cpp/install/cfar_cpp/lib/libcfar_cpp__rosidl_generator_py.so
[28.311s] -- Set runtime path of "/home/uwr/cfar_cpp/install/cfar_cpp/lib/libcfar_cpp__rosidl_generator_py.so" to "/home/uwr/cfar_cpp/install/cfar_cpp/lib:/opt/ros/humble/lib"
[28.312s] -- Installing: /home/uwr/cfar_cpp/install/cfar_cpp/share/cfar_cpp/msg/CfarInfo.idl
[28.312s] -- Installing: /home/uwr/cfar_cpp/install/cfar_cpp/share/cfar_cpp/msg/CfarInfo.msg
[28.312s] -- Installing: /home/uwr/cfar_cpp/install/cfar_cpp/lib/libcfar_lib.so
[28.312s] -- Set runtime path of "/home/uwr/cfar_cpp/install/cfar_cpp/lib/libcfar_lib.so" to "/home/uwr/cfar_cpp/install/cfar_cpp/lib"
[28.312s] -- Installing: /home/uwr/cfar_cpp/install/cfar_cpp/lib/cfar_cpp/cfar
[28.313s] -- Set runtime path of "/home/uwr/cfar_cpp/install/cfar_cpp/lib/cfar_cpp/cfar" to "/home/uwr/cfar_cpp/install/cfar_cpp/lib"
[28.313s] -- Installing: /home/uwr/cfar_cpp/install/cfar_cpp/lib/cfar_cpp/cfar_node
[28.316s] -- Set runtime path of "/home/uwr/cfar_cpp/install/cfar_cpp/lib/cfar_cpp/cfar_node" to "/home/uwr/cfar_cpp/install/cfar_cpp/lib:/opt/ros/humble/lib/x86_64-linux-gnu:/opt/ros/humble/lib"
[28.316s] -- Installing: /home/uwr/cfar_cpp/install/cfar_cpp/local/lib/python3.10/dist-packages/cfar_cpp/pycfar.cpython-310-x86_64-linux-gnu.so
[28.316s] -- Up-to-date: /home/uwr/cfar_cpp/install/cfar_cpp/include/cfar_cpp
[28.316s] -- Installing: /home/uwr/cfar_cpp/install/cfar_cpp/include/cfar_cpp/cfar.h
[28.317s] -- Installing: /home/uwr/cfar_cpp/install/cfar_cpp/share/cfar_cpp/launch
[28.317s] -- Installing: /home/uwr/cfar_cpp/install/cfar_cpp/share/cfar_cpp/launch/launch.py
[28.317s] -- Installing: /home/uwr/cfar_cpp/install/cfar_cpp/share/cfar_cpp/cfg
[28.317s] -- Installing: /home/uwr/cfar_cpp/install/cfar_cpp/share/cfar_cpp/cfg/config.yaml
[28.317s] -- Installing: /home/uwr/cfar_cpp/install/cfar_cpp/share/ament_index/resource_index/package_run_dependencies/cfar_cpp
[28.317s] -- Installing: /home/uwr/cfar_cpp/install/cfar_cpp/share/ament_index/resource_index/parent_prefix_path/cfar_cpp
[28.318s] -- Installing: /home/uwr/cfar_cpp/install/cfar_cpp/share/cfar_cpp/environment/ament_prefix_path.sh
[28.318s] -- Installing: /home/uwr/cfar_cpp/install/cfar_cpp/share/cfar_cpp/environment/ament_prefix_path.dsv
[28.318s] -- Installing: /home/uwr/cfar_cpp/install/cfar_cpp/share/cfar_cpp/environment/path.sh
[28.318s] -- Installing: /home/uwr/cfar_cpp/install/cfar_cpp/share/cfar_cpp/environment/path.dsv
[28.318s] -- Installing: /home/uwr/cfar_cpp/install/cfar_cpp/share/cfar_cpp/local_setup.bash
[28.318s] -- Installing: /home/uwr/cfar_cpp/install/cfar_cpp/share/cfar_cpp/local_setup.sh
[28.319s] -- Installing: /home/uwr/cfar_cpp/install/cfar_cpp/share/cfar_cpp/local_setup.zsh
[28.319s] -- Installing: /home/uwr/cfar_cpp/install/cfar_cpp/share/cfar_cpp/local_setup.dsv
[28.319s] -- Installing: /home/uwr/cfar_cpp/install/cfar_cpp/share/cfar_cpp/package.dsv
[28.319s] -- Installing: /home/uwr/cfar_cpp/install/cfar_cpp/share/ament_index/resource_index/packages/cfar_cpp
[28.319s] -- Installing: /home/uwr/cfar_cpp/install/cfar_cpp/share/cfar_cpp/cmake/export_cfar_cpp__rosidl_generator_cExport.cmake
[28.319s] -- Installing: /home/uwr/cfar_cpp/install/cfar_cpp/share/cfar_cpp/cmake/export_cfar_cpp__rosidl_generator_cExport-noconfig.cmake
[28.319s] -- Installing: /home/uwr/cfar_cpp/install/cfar_cpp/share/cfar_cpp/cmake/export_cfar_cpp__rosidl_typesupport_fastrtps_cExport.cmake
[28.320s] -- Installing: /home/uwr/cfar_cpp/install/cfar_cpp/share/cfar_cpp/cmake/export_cfar_cpp__rosidl_typesupport_fastrtps_cExport-noconfig.cmake
[28.320s] -- Installing: /home/uwr/cfar_cpp/install/cfar_cpp/share/cfar_cpp/cmake/export_cfar_cpp__rosidl_generator_cppExport.cmake
[28.320s] -- Installing: /home/uwr/cfar_cpp/install/cfar_cpp/share/cfar_cpp/cmake/export_cfar_cpp__rosidl_typesupport_fastrtps_cppExport.cmake
[28.320s] -- Installing: /home/uwr/cfar_cpp/install/cfar_cpp/share/cfar_cpp/cmake/export_cfar_cpp__rosidl_typesupport_fastrtps_cppExport-noconfig.cmake
[28.320s] -- Installing: /home/uwr/cfar_cpp/install/cfar_cpp/share/cfar_cpp/cmake/cfar_cpp__rosidl_typesupport_introspection_cExport.cmake
[28.320s] -- Installing: /home/uwr/cfar_cpp/install/cfar_cpp/share/cfar_cpp/cmake/cfar_cpp__rosidl_typesupport_introspection_cExport-noconfig.cmake
[28.320s] -- Installing: /home/uwr/cfar_cpp/install/cfar_cpp/share/cfar_cpp/cmake/cfar_cpp__rosidl_typesupport_cExport.cmake
[28.321s] -- Installing: /home/uwr/cfar_cpp/install/cfar_cpp/share/cfar_cpp/cmake/cfar_cpp__rosidl_typesupport_cExport-noconfig.cmake
[28.321s] -- Installing: /home/uwr/cfar_cpp/install/cfar_cpp/share/cfar_cpp/cmake/cfar_cpp__rosidl_typesupport_introspection_cppExport.cmake
[28.321s] -- Installing: /home/uwr/cfar_cpp/install/cfar_cpp/share/cfar_cpp/cmake/cfar_cpp__rosidl_typesupport_introspection_cppExport-noconfig.cmake
[28.321s] -- Installing: /home/uwr/cfar_cpp/install/cfar_cpp/share/cfar_cpp/cmake/cfar_cpp__rosidl_typesupport_cppExport.cmake
[28.321s] -- Installing: /home/uwr/cfar_cpp/install/cfar_cpp/share/cfar_cpp/cmake/cfar_cpp__rosidl_typesupport_cppExport-noconfig.cmake
[28.321s] -- Installing: /home/uwr/cfar_cpp/install/cfar_cpp/share/cfar_cpp/cmake/export_cfar_cpp__rosidl_generator_pyExport.cmake
[28.321s] -- Installing: /home/uwr/cfar_cpp/install/cfar_cpp/share/cfar_cpp/cmake/export_cfar_cpp__rosidl_generator_pyExport-noconfig.cmake
[28.322s] -- Installing: /home/uwr/cfar_cpp/install/cfar_cpp/share/cfar_cpp/cmake/rosidl_cmake-extras.cmake
[28.322s] -- Installing: /home/uwr/cfar_cpp/install/cfar_cpp/share/cfar_cpp/cmake/ament_cmake_export_dependencies-extras.cmake
[28.322s] -- Installing: /home/uwr/cfar_cpp/install/cfar_cpp/share/cfar_cpp/cmake/ament_cmake_export_include_directories-extras.cmake
[28.322s] -- Installing: /home/uwr/cfar_cpp/install/cfar_cpp/share/cfar_cpp/cmake/ament_cmake_export_libraries-extras.cmake
[28.322s] -- Installing: /home/uwr/cfar_cpp/install/cfar_cpp/share/cfar_cpp/cmake/ament_cmake_export_targets-extras.cmake
[28.322s] -- Installing: /home/uwr/cfar_cpp/install/cfar_cpp/share/cfar_cpp/cmake/rosidl_cmake_export_typesupport_targets-extras.cmake
[28.322s] -- Installing: /home/uwr/cfar_cpp/install/cfar_cpp/share/cfar_cpp/cmake/rosidl_cmake_export_typesupport_libraries-extras.cmake
[28.323s] -- Installing: /home/uwr/cfar_cpp/install/cfar_cpp/share/cfar_cpp/cmake/cfar_cppConfig.cmake
[28.323s] -- Installing: /home/uwr/cfar_cpp/install/cfar_cpp/share/cfar_cpp/cmake/cfar_cppConfig-version.cmake
[28.323s] -- Installing: /home/uwr/cfar_cpp/install/cfar_cpp/share/cfar_cpp/package.xml
[28.326s] Invoked command in '/home/uwr/cfar_cpp/build/cfar_cpp' returned '0': CMAKE_PREFIX_PATH=${CMAKE_PREFIX_PATH}:/home/uwr/Desktop/2024_UWR/install/sonar_subs:/opt/ros/humble /usr/bin/cmake --install /home/uwr/cfar_cpp/build/cfar_cpp
